Archive member included to satisfy reference by file (symbol)

/home/sam/Programs/stm32/Ac6/plugins/fr.ac6.mcu.externaltools.arm-none.linux64_1.15.0.201708311556/tools/compiler/bin/../lib/gcc/arm-none-eabi/6.3.1/../../../../arm-none-eabi/lib/thumb/v6-m/libm.a(lib_a-s_ceil.o)
                              Drivers/BSP/Components/sx1276.o (ceil)
/home/sam/Programs/stm32/Ac6/plugins/fr.ac6.mcu.externaltools.arm-none.linux64_1.15.0.201708311556/tools/compiler/bin/../lib/gcc/arm-none-eabi/6.3.1/../../../../arm-none-eabi/lib/thumb/v6-m/libm.a(lib_a-s_floor.o)
                              Drivers/BSP/Components/sx1276.o (floor)
/home/sam/Programs/stm32/Ac6/plugins/fr.ac6.mcu.externaltools.arm-none.linux64_1.15.0.201708311556/tools/compiler/bin/../lib/gcc/arm-none-eabi/6.3.1/../../../../arm-none-eabi/lib/thumb/v6-m/libm.a(lib_a-s_round.o)
                              Drivers/BSP/Components/sx1276.o (round)
/home/sam/Programs/stm32/Ac6/plugins/fr.ac6.mcu.externaltools.arm-none.linux64_1.15.0.201708311556/tools/compiler/bin/../lib/gcc/arm-none-eabi/6.3.1/thumb/v6-m/libgcc.a(_thumb1_case_uqi.o)
                              Drivers/BSP/Components/sx1276.o (__gnu_thumb1_case_uqi)
/home/sam/Programs/stm32/Ac6/plugins/fr.ac6.mcu.externaltools.arm-none.linux64_1.15.0.201708311556/tools/compiler/bin/../lib/gcc/arm-none-eabi/6.3.1/thumb/v6-m/libgcc.a(_udivsi3.o)
                              Drivers/BSP/Components/sx1276.o (__aeabi_uidiv)
/home/sam/Programs/stm32/Ac6/plugins/fr.ac6.mcu.externaltools.arm-none.linux64_1.15.0.201708311556/tools/compiler/bin/../lib/gcc/arm-none-eabi/6.3.1/thumb/v6-m/libgcc.a(_divsi3.o)
                              Middlewares/Lora/Utilities/utilities.o (__aeabi_idivmod)
/home/sam/Programs/stm32/Ac6/plugins/fr.ac6.mcu.externaltools.arm-none.linux64_1.15.0.201708311556/tools/compiler/bin/../lib/gcc/arm-none-eabi/6.3.1/thumb/v6-m/libgcc.a(_dvmd_tls.o)
                              /home/sam/Programs/stm32/Ac6/plugins/fr.ac6.mcu.externaltools.arm-none.linux64_1.15.0.201708311556/tools/compiler/bin/../lib/gcc/arm-none-eabi/6.3.1/thumb/v6-m/libgcc.a(_udivsi3.o) (__aeabi_idiv0)
/home/sam/Programs/stm32/Ac6/plugins/fr.ac6.mcu.externaltools.arm-none.linux64_1.15.0.201708311556/tools/compiler/bin/../lib/gcc/arm-none-eabi/6.3.1/thumb/v6-m/libgcc.a(_arm_cmpdf2.o)
                              Drivers/BSP/Components/sx1276.o (__aeabi_dcmpgt)
/home/sam/Programs/stm32/Ac6/plugins/fr.ac6.mcu.externaltools.arm-none.linux64_1.15.0.201708311556/tools/compiler/bin/../lib/gcc/arm-none-eabi/6.3.1/thumb/v6-m/libgcc.a(_aeabi_uldivmod.o)
                              Drivers/STM32L0xx_HAL_Driver/stm32l0xx_hal_uart.o (__aeabi_uldivmod)
/home/sam/Programs/stm32/Ac6/plugins/fr.ac6.mcu.externaltools.arm-none.linux64_1.15.0.201708311556/tools/compiler/bin/../lib/gcc/arm-none-eabi/6.3.1/thumb/v6-m/libgcc.a(_muldi3.o)
                              Projects/PingPong/hw_rtc.o (__aeabi_lmul)
/home/sam/Programs/stm32/Ac6/plugins/fr.ac6.mcu.externaltools.arm-none.linux64_1.15.0.201708311556/tools/compiler/bin/../lib/gcc/arm-none-eabi/6.3.1/thumb/v6-m/libgcc.a(_fixunssfsi.o)
                              Middlewares/Lora/Utilities/delay.o (__aeabi_f2uiz)
/home/sam/Programs/stm32/Ac6/plugins/fr.ac6.mcu.externaltools.arm-none.linux64_1.15.0.201708311556/tools/compiler/bin/../lib/gcc/arm-none-eabi/6.3.1/thumb/v6-m/libgcc.a(_fixunsdfsi.o)
                              Drivers/BSP/Components/sx1276.o (__aeabi_d2uiz)
/home/sam/Programs/stm32/Ac6/plugins/fr.ac6.mcu.externaltools.arm-none.linux64_1.15.0.201708311556/tools/compiler/bin/../lib/gcc/arm-none-eabi/6.3.1/thumb/v6-m/libgcc.a(_udivmoddi4.o)
                              /home/sam/Programs/stm32/Ac6/plugins/fr.ac6.mcu.externaltools.arm-none.linux64_1.15.0.201708311556/tools/compiler/bin/../lib/gcc/arm-none-eabi/6.3.1/thumb/v6-m/libgcc.a(_aeabi_uldivmod.o) (__udivmoddi4)
/home/sam/Programs/stm32/Ac6/plugins/fr.ac6.mcu.externaltools.arm-none.linux64_1.15.0.201708311556/tools/compiler/bin/../lib/gcc/arm-none-eabi/6.3.1/thumb/v6-m/libgcc.a(mulsf3.o)
                              Middlewares/Lora/Utilities/delay.o (__aeabi_fmul)
/home/sam/Programs/stm32/Ac6/plugins/fr.ac6.mcu.externaltools.arm-none.linux64_1.15.0.201708311556/tools/compiler/bin/../lib/gcc/arm-none-eabi/6.3.1/thumb/v6-m/libgcc.a(subsf3.o)
                              /home/sam/Programs/stm32/Ac6/plugins/fr.ac6.mcu.externaltools.arm-none.linux64_1.15.0.201708311556/tools/compiler/bin/../lib/gcc/arm-none-eabi/6.3.1/thumb/v6-m/libgcc.a(_fixunssfsi.o) (__aeabi_fsub)
/home/sam/Programs/stm32/Ac6/plugins/fr.ac6.mcu.externaltools.arm-none.linux64_1.15.0.201708311556/tools/compiler/bin/../lib/gcc/arm-none-eabi/6.3.1/thumb/v6-m/libgcc.a(fixsfsi.o)
                              /home/sam/Programs/stm32/Ac6/plugins/fr.ac6.mcu.externaltools.arm-none.linux64_1.15.0.201708311556/tools/compiler/bin/../lib/gcc/arm-none-eabi/6.3.1/thumb/v6-m/libgcc.a(_fixunssfsi.o) (__aeabi_f2iz)
[...]
Memory Configuration

Name             Origin             Length             Attributes
RAM              0x0000000020000000 0x0000000000005000 xrw
FLASH            0x0000000008000000 0x0000000000030000 xr
*default*        0x0000000000000000 0xffffffffffffffff

Linker script and memory map

LOAD /home/sam/Programs/stm32/Ac6/plugins/fr.ac6.mcu.externaltools.arm-none.linux64_1.15.0.201708311556/tools/compiler/bin/../lib/gcc/arm-none-eabi/6.3.1/thumb/v6-m/crti.o
LOAD /home/sam/Programs/stm32/Ac6/plugins/fr.ac6.mcu.externaltools.arm-none.linux64_1.15.0.201708311556/tools/compiler/bin/../lib/gcc/arm-none-eabi/6.3.1/thumb/v6-m/crtbegin.o
LOAD /home/sam/Programs/stm32/Ac6/plugins/fr.ac6.mcu.externaltools.arm-none.linux64_1.15.0.201708311556/tools/compiler/bin/../lib/gcc/arm-none-eabi/6.3.1/../../../../arm-none-eabi/lib/thumb/v6-m/crt0.o
LOAD Drivers/BSP/Components/sx1276.o
LOAD Drivers/BSP/STM32L0xx_Nucleo/stm32l0xx_nucleo.o
LOAD Drivers/BSP/sx1276mb1las/sx1276mb1las.o
LOAD Drivers/CMSIS/system_stm32l0xx.o
LOAD Drivers/STM32L0xx_HAL_Driver/stm32l0xx_hal.o
LOAD Drivers/STM32L0xx_HAL_Driver/stm32l0xx_hal_adc.o
LOAD Drivers/STM32L0xx_HAL_Driver/stm32l0xx_hal_adc_ex.o
LOAD Drivers/STM32L0xx_HAL_Driver/stm32l0xx_hal_cortex.o
LOAD Drivers/STM32L0xx_HAL_Driver/stm32l0xx_hal_dma.o
LOAD Drivers/STM32L0xx_HAL_Driver/stm32l0xx_hal_gpio.o
LOAD Drivers/STM32L0xx_HAL_Driver/stm32l0xx_hal_i2c.o
LOAD Drivers/STM32L0xx_HAL_Driver/stm32l0xx_hal_pwr.o
LOAD Drivers/STM32L0xx_HAL_Driver/stm32l0xx_hal_pwr_ex.o
LOAD Drivers/STM32L0xx_HAL_Driver/stm32l0xx_hal_rcc.o
LOAD Drivers/STM32L0xx_HAL_Driver/stm32l0xx_hal_rcc_ex.o
LOAD Drivers/STM32L0xx_HAL_Driver/stm32l0xx_hal_rtc.o
LOAD Drivers/STM32L0xx_HAL_Driver/stm32l0xx_hal_rtc_ex.o
LOAD Drivers/STM32L0xx_HAL_Driver/stm32l0xx_hal_spi.o
LOAD Drivers/STM32L0xx_HAL_Driver/stm32l0xx_hal_tim.o
LOAD Drivers/STM32L0xx_HAL_Driver/stm32l0xx_hal_tim_ex.o
LOAD Drivers/STM32L0xx_HAL_Driver/stm32l0xx_hal_uart.o
LOAD Drivers/STM32L0xx_HAL_Driver/stm32l0xx_hal_uart_ex.o
LOAD Middlewares/Lora/Utilities/delay.o
LOAD Middlewares/Lora/Utilities/low_power_manager.o
LOAD Middlewares/Lora/Utilities/timeServer.o
LOAD Middlewares/Lora/Utilities/utilities.o
LOAD Projects/PingPong/debug.o
LOAD Projects/PingPong/hw_gpio.o
LOAD Projects/PingPong/hw_rtc.o
LOAD Projects/PingPong/hw_spi.o
LOAD Projects/PingPong/main.o
LOAD Projects/PingPong/stm32l0xx_hal_msp.o
LOAD Projects/PingPong/stm32l0xx_hw.o
LOAD Projects/PingPong/stm32l0xx_it.o
LOAD Projects/PingPong/vcom.o
LOAD Projects/SW4STM32/startup_stm32l073xx.o
LOAD /home/sam/Programs/stm32/Ac6/plugins/fr.ac6.mcu.externaltools.arm-none.linux64_1.15.0.201708311556/tools/compiler/bin/../lib/gcc/arm-none-eabi/6.3.1/../../../../arm-none-eabi/lib/thumb/v6-m/libm.a
START GROUP
LOAD /home/sam/Programs/stm32/Ac6/plugins/fr.ac6.mcu.externaltools.arm-none.linux64_1.15.0.201708311556/tools/compiler/bin/../lib/gcc/arm-none-eabi/6.3.1/thumb/v6-m/libgcc.a
LOAD /home/sam/Programs/stm32/Ac6/plugins/fr.ac6.mcu.externaltools.arm-none.linux64_1.15.0.201708311556/tools/compiler/bin/../lib/gcc/arm-none-eabi/6.3.1/../../../../arm-none-eabi/lib/thumb/v6-m/libc_nano.a
END GROUP
START GROUP
LOAD /home/sam/Programs/stm32/Ac6/plugins/fr.ac6.mcu.externaltools.arm-none.linux64_1.15.0.201708311556/tools/compiler/bin/../lib/gcc/arm-none-eabi/6.3.1/thumb/v6-m/libgcc.a
LOAD /home/sam/Programs/stm32/Ac6/plugins/fr.ac6.mcu.externaltools.arm-none.linux64_1.15.0.201708311556/tools/compiler/bin/../lib/gcc/arm-none-eabi/6.3.1/../../../../arm-none-eabi/lib/thumb/v6-m/libc_nano.a
LOAD /home/sam/Programs/stm32/Ac6/plugins/fr.ac6.mcu.externaltools.arm-none.linux64_1.15.0.201708311556/tools/compiler/bin/../lib/gcc/arm-none-eabi/6.3.1/../../../../arm-none-eabi/lib/thumb/v6-m/libnosys.a
END GROUP
START GROUP
LOAD /home/sam/Programs/stm32/Ac6/plugins/fr.ac6.mcu.externaltools.arm-none.linux64_1.15.0.201708311556/tools/compiler/bin/../lib/gcc/arm-none-eabi/6.3.1/thumb/v6-m/libgcc.a
LOAD /home/sam/Programs/stm32/Ac6/plugins/fr.ac6.mcu.externaltools.arm-none.linux64_1.15.0.201708311556/tools/compiler/bin/../lib/gcc/arm-none-eabi/6.3.1/../../../../arm-none-eabi/lib/thumb/v6-m/libc_nano.a
LOAD /home/sam/Programs/stm32/Ac6/plugins/fr.ac6.mcu.externaltools.arm-none.linux64_1.15.0.201708311556/tools/compiler/bin/../lib/gcc/arm-none-eabi/6.3.1/../../../../arm-none-eabi/lib/thumb/v6-m/libnosys.a
END GROUP
LOAD /home/sam/Programs/stm32/Ac6/plugins/fr.ac6.mcu.externaltools.arm-none.linux64_1.15.0.201708311556/tools/compiler/bin/../lib/gcc/arm-none-eabi/6.3.1/thumb/v6-m/crtend.o
LOAD /home/sam/Programs/stm32/Ac6/plugins/fr.ac6.mcu.externaltools.arm-none.linux64_1.15.0.201708311556/tools/compiler/bin/../lib/gcc/arm-none-eabi/6.3.1/thumb/v6-m/crtn.o
                0x0000000020005000                _estack = 0x20005000
                0x0000000000000200                _Min_Heap_Size = 0x200
                0x0000000000000400                _Min_Stack_Size = 0x400

.isr_vector     0x0000000008000000       0xc0
                0x0000000008000000                . = ALIGN (0x4)
 *(.isr_vector)
 .isr_vector    0x0000000008000000       0xc0 Projects/SW4STM32/startup_stm32l073xx.o
                0x0000000008000000                g_pfnVectors
                0x00000000080000c0                . = ALIGN (0x4)

.text           0x00000000080000c0     0x7790
                0x00000000080000c0                . = ALIGN (0x4)
 *(.text)
 .text          0x00000000080000c0       0x60 /home/sam/Programs/stm32/Ac6/plugins/fr.ac6.mcu.externaltools.arm-none.linux64_1.15.0.201708311556/tools/compiler/bin/../lib/gcc/arm-none-eabi/6.3.1/thumb/v6-m/crtbegin.o
 .text          0x0000000008000120       0x14 /home/sam/Programs/stm32/Ac6/plugins/fr.ac6.mcu.externaltools.arm-none.linux64_1.15.0.201708311556/tools/compiler/bin/../lib/gcc/arm-none-eabi/6.3.1/thumb/v6-m/libgcc.a(_thumb1_case_uqi.o)
                0x0000000008000120                __gnu_thumb1_case_uqi
 .text          0x0000000008000134      0x114 /home/sam/Programs/stm32/Ac6/plugins/fr.ac6.mcu.externaltools.arm-none.linux64_1.15.0.201708311556/tools/compiler/bin/../lib/gcc/arm-none-eabi/6.3.1/thumb/v6-m/libgcc.a(_udivsi3.o)
                0x0000000008000134                __udivsi3
                0x0000000008000134                __aeabi_uidiv
                0x0000000008000240                __aeabi_uidivmod
 .text          0x0000000008000248      0x1d4 /home/sam/Programs/stm32/Ac6/plugins/fr.ac6.mcu.externaltools.arm-none.linux64_1.15.0.201708311556/tools/compiler/bin/../lib/gcc/arm-none-eabi/6.3.1/thumb/v6-m/libgcc.a(_divsi3.o)
                0x0000000008000248                __aeabi_idiv
                0x0000000008000248                __divsi3
                0x0000000008000414                __aeabi_idivmod
 .text          0x000000000800041c        0x4 /home/sam/Programs/stm32/Ac6/plugins/fr.ac6.mcu.externaltools.arm-none.linux64_1.15.0.201708311556/tools/compiler/bin/../lib/gcc/arm-none-eabi/6.3.1/thumb/v6-m/libgcc.a(_dvmd_tls.o)
                0x000000000800041c                __aeabi_ldiv0
                0x000000000800041c                __aeabi_idiv0
 .text          0x0000000008000420       0x7c /home/sam/Programs/stm32/Ac6/plugins/fr.ac6.mcu.externaltools.arm-none.linux64_1.15.0.201708311556/tools/compiler/bin/../lib/gcc/arm-none-eabi/6.3.1/thumb/v6-m/libgcc.a(_arm_cmpdf2.o)
                0x0000000008000420                __aeabi_cdrcmple
                0x0000000008000430                __aeabi_cdcmple
                0x0000000008000430                __aeabi_cdcmpeq
                0x0000000008000440                __aeabi_dcmpeq
                0x000000000800044c                __aeabi_dcmplt
                0x0000000008000460                __aeabi_dcmple
                0x0000000008000474                __aeabi_dcmpgt
                0x0000000008000488                __aeabi_dcmpge
 .text          0x000000000800049c       0x40 /home/sam/Programs/stm32/Ac6/plugins/fr.ac6.mcu.externaltools.arm-none.linux64_1.15.0.201708311556/tools/compiler/bin/../lib/gcc/arm-none-eabi/6.3.1/thumb/v6-m/libgcc.a(_aeabi_uldivmod.o)
                0x000000000800049c                __aeabi_uldivmod
 .text          0x00000000080004dc       0x54 /home/sam/Programs/stm32/Ac6/plugins/fr.ac6.mcu.externaltools.arm-none.linux64_1.15.0.201708311556/tools/compiler/bin/../lib/gcc/arm-none-eabi/6.3.1/thumb/v6-m/libgcc.a(_muldi3.o)
                0x00000000080004dc                __aeabi_lmul
                0x00000000080004dc                __muldi3
 .text          0x0000000008000530       0x3c /home/sam/Programs/stm32/Ac6/plugins/fr.ac6.mcu.externaltools.arm-none.linux64_1.15.0.201708311556/tools/compiler/bin/../lib/gcc/arm-none-eabi/6.3.1/thumb/v6-m/libgcc.a(_fixunsdfsi.o)
                0x0000000008000530                __fixunsdfsi
                0x0000000008000530                __aeabi_d2uiz
 .text          0x000000000800056c      0x180 /home/sam/Programs/stm32/Ac6/plugins/fr.ac6.mcu.externaltools.arm-none.linux64_1.15.0.201708311556/tools/compiler/bin/../lib/gcc/arm-none-eabi/6.3.1/thumb/v6-m/libgcc.a(_udivmoddi4.o)
                0x000000000800056c                __udivmoddi4
 .text          0x00000000080006ec      0x620 /home/sam/Programs/stm32/Ac6/plugins/fr.ac6.mcu.externaltools.arm-none.linux64_1.15.0.201708311556/tools/compiler/bin/../lib/gcc/arm-none-eabi/6.3.1/thumb/v6-m/libgcc.a(adddf3.o)
                0x00000000080006ec                __aeabi_dadd
 .text          0x0000000008000d0c      0x668 /home/sam/Programs/stm32/Ac6/plugins/fr.ac6.mcu.externaltools.arm-none.linux64_1.15.0.201708311556/tools/compiler/bin/../lib/gcc/arm-none-eabi/6.3.1/thumb/v6-m/libgcc.a(divdf3.o)
                0x0000000008000d0c                __aeabi_ddiv
 .text          0x0000000008001374       0x74 /home/sam/Programs/stm32/Ac6/plugins/fr.ac6.mcu.externaltools.arm-none.linux64_1.15.0.201708311556/tools/compiler/bin/../lib/gcc/arm-none-eabi/6.3.1/thumb/v6-m/libgcc.a(eqdf2.o)
                0x0000000008001374                __eqdf2
                0x0000000008001374                __nedf2
 .text          0x00000000080013e8       0xc8 /home/sam/Programs/stm32/Ac6/plugins/fr.ac6.mcu.externaltools.arm-none.linux64_1.15.0.201708311556/tools/compiler/bin/../lib/gcc/arm-none-eabi/6.3.1/thumb/v6-m/libgcc.a(gedf2.o)
                0x00000000080013e8                __gtdf2
                0x00000000080013e8                __gedf2
 .text          0x00000000080014b0       0xc4 /home/sam/Programs/stm32/Ac6/plugins/fr.ac6.mcu.externaltools.arm-none.linux64_1.15.0.201708311556/tools/compiler/bin/../lib/gcc/arm-none-eabi/6.3.1/thumb/v6-m/libgcc.a(ledf2.o)
                0x00000000080014b0                __ltdf2
                0x00000000080014b0                __ledf2
 .text          0x0000000008001574      0x500 /home/sam/Programs/stm32/Ac6/plugins/fr.ac6.mcu.externaltools.arm-none.linux64_1.15.0.201708311556/tools/compiler/bin/../lib/gcc/arm-none-eabi/6.3.1/thumb/v6-m/libgcc.a(muldf3.o)
                0x0000000008001574                __aeabi_dmul
 .text          0x0000000008001a74      0x62c /home/sam/Programs/stm32/Ac6/plugins/fr.ac6.mcu.externaltools.arm-none.linux64_1.15.0.201708311556/tools/compiler/bin/../lib/gcc/arm-none-eabi/6.3.1/thumb/v6-m/libgcc.a(subdf3.o)
                0x0000000008001a74                __aeabi_dsub
 .text          0x00000000080020a0       0x68 /home/sam/Programs/stm32/Ac6/plugins/fr.ac6.mcu.externaltools.arm-none.linux64_1.15.0.201708311556/tools/compiler/bin/../lib/gcc/arm-none-eabi/6.3.1/thumb/v6-m/libgcc.a(fixdfsi.o)
                0x00000000080020a0                __aeabi_d2iz
 .text          0x0000000008002108       0x84 /home/sam/Programs/stm32/Ac6/plugins/fr.ac6.mcu.externaltools.arm-none.linux64_1.15.0.201708311556/tools/compiler/bin/../lib/gcc/arm-none-eabi/6.3.1/thumb/v6-m/libgcc.a(floatsidf.o)
                0x0000000008002108                __aeabi_i2d
 .text          0x000000000800218c       0x70 /home/sam/Programs/stm32/Ac6/plugins/fr.ac6.mcu.externaltools.arm-none.linux64_1.15.0.201708311556/tools/compiler/bin/../lib/gcc/arm-none-eabi/6.3.1/thumb/v6-m/libgcc.a(floatunsidf.o)
                0x000000000800218c                __aeabi_ui2d
 .text          0x00000000080021fc       0x3c /home/sam/Programs/stm32/Ac6/plugins/fr.ac6.mcu.externaltools.arm-none.linux64_1.15.0.201708311556/tools/compiler/bin/../lib/gcc/arm-none-eabi/6.3.1/thumb/v6-m/libgcc.a(_clzsi2.o)
                0x00000000080021fc                __clzsi2
 .text          0x0000000008002238       0x18 /home/sam/Programs/stm32/Ac6/plugins/fr.ac6.mcu.externaltools.arm-none.linux64_1.15.0.201708311556/tools/compiler/bin/../lib/gcc/arm-none-eabi/6.3.1/thumb/v6-m/libgcc.a(_clzdi2.o)
                0x0000000008002238                __clzdi2
 *(.text*)
 .text.GetFskBandwidthRegValue
                0x0000000008002250       0x28 Drivers/BSP/Components/sx1276.o
 .text.SX1276OnDio4Irq
                0x0000000008002278       0x1c Drivers/BSP/Components/sx1276.o
                0x0000000008002278                SX1276OnDio4Irq
 .text.SX1276BoardInit
                0x0000000008002294        0xc Drivers/BSP/Components/sx1276.o
                0x0000000008002294                SX1276BoardInit
 .text.SX1276GetStatus
                0x00000000080022a0        0xc Drivers/BSP/Components/sx1276.o
                0x00000000080022a0                SX1276GetStatus
 .text.SX1276Reset
                0x00000000080022ac       0x4c Drivers/BSP/Components/sx1276.o
                0x00000000080022ac                SX1276Reset
 .text.SX1276WriteBuffer
                0x00000000080022f8       0x3c Drivers/BSP/Components/sx1276.o
                0x00000000080022f8                SX1276WriteBuffer
 .text.SX1276Write
                0x0000000008002334       0x12 Drivers/BSP/Components/sx1276.o
                0x0000000008002334                SX1276Write
 *fill*         0x0000000008002346        0x2 
 .text.SX1276SetChannel
                0x0000000008002348       0x54 Drivers/BSP/Components/sx1276.o
                0x0000000008002348                SX1276SetChannel
 .text.SX1276ReadBuffer
                0x000000000800239c       0x3c Drivers/BSP/Components/sx1276.o
                0x000000000800239c                SX1276ReadBuffer
 .text.SX1276Read
                0x00000000080023d8       0x12 Drivers/BSP/Components/sx1276.o
                0x00000000080023d8                SX1276Read
 *fill*         0x00000000080023ea        0x2 
 .text.RxChainCalibration
                0x00000000080023ec       0x98 Drivers/BSP/Components/sx1276.o
                0x00000000080023ec                RxChainCalibration
 .text.SX1276GetTimeOnAir
                0x0000000008002484      0x1f8 Drivers/BSP/Components/sx1276.o
                0x0000000008002484                SX1276GetTimeOnAir
 .text.SX1276ReadRssi
                0x000000000800267c       0x44 Drivers/BSP/Components/sx1276.o
                0x000000000800267c                SX1276ReadRssi
 .text.SX1276SetOpMode.part.2
                0x00000000080026c0       0x34 Drivers/BSP/Components/sx1276.o
 .text.SX1276SetSleep
                0x00000000080026f4       0x28 Drivers/BSP/Components/sx1276.o
                0x00000000080026f4                SX1276SetSleep
 .text.SX1276SetOpMode
                0x000000000800271c       0x44 Drivers/BSP/Components/sx1276.o
                0x000000000800271c                SX1276SetOpMode
 .text.SX1276SetStby
                0x0000000008002760       0x28 Drivers/BSP/Components/sx1276.o
                0x0000000008002760                SX1276SetStby
 .text.SX1276SetRx
                0x0000000008002788      0x214 Drivers/BSP/Components/sx1276.o
                0x0000000008002788                SX1276SetRx
 .text.SX1276SetTx
                0x000000000800299c       0xa0 Drivers/BSP/Components/sx1276.o
                0x000000000800299c                SX1276SetTx
 .text.SX1276StartCad
                0x0000000008002a3c       0x34 Drivers/BSP/Components/sx1276.o
                0x0000000008002a3c                SX1276StartCad
 .text.SX1276SetModem
                0x0000000008002a70       0x74 Drivers/BSP/Components/sx1276.o
                0x0000000008002a70                SX1276SetModem
 .text.SX1276Init
                0x0000000008002ae4       0x98 Drivers/BSP/Components/sx1276.o
                0x0000000008002ae4                SX1276Init
 .text.SX1276IsChannelFree
                0x0000000008002b7c       0x48 Drivers/BSP/Components/sx1276.o
                0x0000000008002b7c                SX1276IsChannelFree
 .text.SX1276Random
                0x0000000008002bc4       0x3c Drivers/BSP/Components/sx1276.o
                0x0000000008002bc4                SX1276Random
 .text.SX1276SetRxConfig
                0x0000000008002c00      0x340 Drivers/BSP/Components/sx1276.o
                0x0000000008002c00                SX1276SetRxConfig
 .text.SX1276SetTxConfig
                0x0000000008002f40      0x274 Drivers/BSP/Components/sx1276.o
                0x0000000008002f40                SX1276SetTxConfig
 .text.SX1276SetTxContinuousWave
                0x00000000080031b4       0x80 Drivers/BSP/Components/sx1276.o
                0x00000000080031b4                SX1276SetTxContinuousWave
 .text.SX1276OnDio2Irq
                0x0000000008003234       0xc0 Drivers/BSP/Components/sx1276.o
                0x0000000008003234                SX1276OnDio2Irq
 .text.SX1276OnDio3Irq
                0x00000000080032f4       0x54 Drivers/BSP/Components/sx1276.o
                0x00000000080032f4                SX1276OnDio3Irq
 .text.SX1276WriteFifo
                0x0000000008003348        0xe Drivers/BSP/Components/sx1276.o
                0x0000000008003348                SX1276WriteFifo
 *fill*         0x0000000008003356        0x2 
 .text.SX1276Send
                0x0000000008003358       0xfc Drivers/BSP/Components/sx1276.o
                0x0000000008003358                SX1276Send
 .text.SX1276ReadFifo
                0x0000000008003454        0xe Drivers/BSP/Components/sx1276.o
                0x0000000008003454                SX1276ReadFifo
 *fill*         0x0000000008003462        0x2 
 .text.SX1276OnDio0Irq
                0x0000000008003464      0x26c Drivers/BSP/Components/sx1276.o
                0x0000000008003464                SX1276OnDio0Irq
 .text.SX1276OnDio1Irq
                0x00000000080036d0       0xe0 Drivers/BSP/Components/sx1276.o
                0x00000000080036d0                SX1276OnDio1Irq
 .text.SX1276SetMaxPayloadLength
                0x00000000080037b0       0x34 Drivers/BSP/Components/sx1276.o
                0x00000000080037b0                SX1276SetMaxPayloadLength
 .text.SX1276SetPublicNetwork
                0x00000000080037e4       0x24 Drivers/BSP/Components/sx1276.o
                0x00000000080037e4                SX1276SetPublicNetwork
 .text.SX1276OnTimeoutIrq
                0x0000000008003808       0xd0 Drivers/BSP/Components/sx1276.o
                0x0000000008003808                SX1276OnTimeoutIrq
 .text.SX1276GetRadioWakeUpTime
                0x00000000080038d8       0x14 Drivers/BSP/Components/sx1276.o
                0x00000000080038d8                SX1276GetRadioWakeUpTime
 .text.SX1276GetWakeTime
                0x00000000080038ec        0x4 Drivers/BSP/sx1276mb1las/sx1276mb1las.o
                0x00000000080038ec                SX1276GetWakeTime
 .text.SX1276SetXO
                0x00000000080038f0        0x2 Drivers/BSP/sx1276mb1las/sx1276mb1las.o
                0x00000000080038f0                SX1276SetXO
 .text.SX1276CheckRfFrequency
                0x00000000080038f2        0x4 Drivers/BSP/sx1276mb1las/sx1276mb1las.o
                0x00000000080038f2                SX1276CheckRfFrequency
 *fill*         0x00000000080038f6        0x2 
 .text.SX1276SetRfTxPower
                0x00000000080038f8       0xb0 Drivers/BSP/sx1276mb1las/sx1276mb1las.o
                0x00000000080038f8                SX1276SetRfTxPower
 .text.SX1276IoInit
                0x00000000080039a8       0x60 Drivers/BSP/sx1276mb1las/sx1276mb1las.o
                0x00000000080039a8                SX1276IoInit
 .text.SX1276IoDeInit
                0x0000000008003a08       0x50 Drivers/BSP/sx1276mb1las/sx1276mb1las.o
                0x0000000008003a08                SX1276IoDeInit
 .text.SX1276IoIrqInit
                0x0000000008003a58       0x40 Drivers/BSP/sx1276mb1las/sx1276mb1las.o
                0x0000000008003a58                SX1276IoIrqInit
 .text.SX1276AntSwDeInit
                0x0000000008003a98       0x34 Drivers/BSP/sx1276mb1las/sx1276mb1las.o
 .text.SX1276SetAntSwLowPower
                0x0000000008003acc       0x20 Drivers/BSP/sx1276mb1las/sx1276mb1las.o
                0x0000000008003acc                SX1276SetAntSwLowPower
 .text.SX1276SetAntSw
                0x0000000008003aec       0x18 Drivers/BSP/sx1276mb1las/sx1276mb1las.o
                0x0000000008003aec                SX1276SetAntSw
 .text.SystemInit
                0x0000000008003b04       0x5c Drivers/CMSIS/system_stm32l0xx.o
                0x0000000008003b04                SystemInit
 .text.HAL_Init
                0x0000000008003b60       0x20 Drivers/STM32L0xx_HAL_Driver/stm32l0xx_hal.o
                0x0000000008003b60                HAL_Init
 .text.HAL_IncTick
                0x0000000008003b80       0x10 Drivers/STM32L0xx_HAL_Driver/stm32l0xx_hal.o
                0x0000000008003b80                HAL_IncTick
 .text.HAL_GetTick
                0x0000000008003b90        0xc Drivers/STM32L0xx_HAL_Driver/stm32l0xx_hal.o
                0x0000000008003b90                HAL_GetTick
 .text.HAL_DBGMCU_DisableDBGSleepMode
                0x0000000008003b9c       0x10 Drivers/STM32L0xx_HAL_Driver/stm32l0xx_hal.o
                0x0000000008003b9c                HAL_DBGMCU_DisableDBGSleepMode
 .text.HAL_DBGMCU_DisableDBGStopMode
                0x0000000008003bac       0x10 Drivers/STM32L0xx_HAL_Driver/stm32l0xx_hal.o
                0x0000000008003bac                HAL_DBGMCU_DisableDBGStopMode
 .text.HAL_DBGMCU_DisableDBGStandbyMode
                0x0000000008003bbc       0x10 Drivers/STM32L0xx_HAL_Driver/stm32l0xx_hal.o
                0x0000000008003bbc                HAL_DBGMCU_DisableDBGStandbyMode
 .text.HAL_ADC_MspInit
                0x0000000008003bcc        0x2 Drivers/STM32L0xx_HAL_Driver/stm32l0xx_hal_adc.o
                0x0000000008003bcc                HAL_ADC_MspInit
 *fill*         0x0000000008003bce        0x2 
 .text.HAL_ADC_Init
                0x0000000008003bd0      0x1a8 Drivers/STM32L0xx_HAL_Driver/stm32l0xx_hal_adc.o
                0x0000000008003bd0                HAL_ADC_Init
 .text.HAL_NVIC_SetPriority
                0x0000000008003d78       0x60 Drivers/STM32L0xx_HAL_Driver/stm32l0xx_hal_cortex.o
                0x0000000008003d78                HAL_NVIC_SetPriority
 .text.HAL_NVIC_EnableIRQ
                0x0000000008003dd8       0x14 Drivers/STM32L0xx_HAL_Driver/stm32l0xx_hal_cortex.o
                0x0000000008003dd8                HAL_NVIC_EnableIRQ
 .text.HAL_NVIC_SetPendingIRQ
                0x0000000008003dec       0x14 Drivers/STM32L0xx_HAL_Driver/stm32l0xx_hal_cortex.o
                0x0000000008003dec                HAL_NVIC_SetPendingIRQ
 .text.HAL_NVIC_ClearPendingIRQ
                0x0000000008003e00       0x18 Drivers/STM32L0xx_HAL_Driver/stm32l0xx_hal_cortex.o
                0x0000000008003e00                HAL_NVIC_ClearPendingIRQ
 .text.HAL_GPIO_Init
                0x0000000008003e18      0x178 Drivers/STM32L0xx_HAL_Driver/stm32l0xx_hal_gpio.o
                0x0000000008003e18                HAL_GPIO_Init
 .text.HAL_GPIO_WritePin
                0x0000000008003f90        0xc Drivers/STM32L0xx_HAL_Driver/stm32l0xx_hal_gpio.o
                0x0000000008003f90                HAL_GPIO_WritePin
 .text.HAL_GPIO_EXTI_IRQHandler
                0x0000000008003f9c       0x18 Drivers/STM32L0xx_HAL_Driver/stm32l0xx_hal_gpio.o
                0x0000000008003f9c                HAL_GPIO_EXTI_IRQHandler
 .text.HAL_PWR_DisablePVD
                0x0000000008003fb4       0x10 Drivers/STM32L0xx_HAL_Driver/stm32l0xx_hal_pwr.o
                0x0000000008003fb4                HAL_PWR_DisablePVD
 .text.HAL_PWR_EnterSLEEPMode
                0x0000000008003fc4       0x30 Drivers/STM32L0xx_HAL_Driver/stm32l0xx_hal_pwr.o
                0x0000000008003fc4                HAL_PWR_EnterSLEEPMode
 .text.HAL_PWR_EnterSTOPMode
                0x0000000008003ff4       0x38 Drivers/STM32L0xx_HAL_Driver/stm32l0xx_hal_pwr.o
                0x0000000008003ff4                HAL_PWR_EnterSTOPMode
 .text.HAL_PWREx_EnableFastWakeUp
                0x000000000800402c       0x14 Drivers/STM32L0xx_HAL_Driver/stm32l0xx_hal_pwr_ex.o
                0x000000000800402c                HAL_PWREx_EnableFastWakeUp
 .text.HAL_PWREx_EnableUltraLowPower
                0x0000000008004040       0x14 Drivers/STM32L0xx_HAL_Driver/stm32l0xx_hal_pwr_ex.o
                0x0000000008004040                HAL_PWREx_EnableUltraLowPower
 .text.RCC_SetFlashLatencyFromMSIRange
                0x0000000008004054       0x74 Drivers/STM32L0xx_HAL_Driver/stm32l0xx_hal_rcc.o
 .text.HAL_RCC_OscConfig
                0x00000000080040c8      0x4e8 Drivers/STM32L0xx_HAL_Driver/stm32l0xx_hal_rcc.o
                0x00000000080040c8                HAL_RCC_OscConfig
 .text.HAL_RCC_GetSysClockFreq
                0x00000000080045b0       0x78 Drivers/STM32L0xx_HAL_Driver/stm32l0xx_hal_rcc.o
                0x00000000080045b0                HAL_RCC_GetSysClockFreq
 .text.HAL_RCC_ClockConfig
                0x0000000008004628      0x170 Drivers/STM32L0xx_HAL_Driver/stm32l0xx_hal_rcc.o
                0x0000000008004628                HAL_RCC_ClockConfig
 .text.HAL_RCC_GetPCLK1Freq
                0x0000000008004798       0x20 Drivers/STM32L0xx_HAL_Driver/stm32l0xx_hal_rcc.o
                0x0000000008004798                HAL_RCC_GetPCLK1Freq
 .text.HAL_RCC_GetPCLK2Freq
                0x00000000080047b8       0x20 Drivers/STM32L0xx_HAL_Driver/stm32l0xx_hal_rcc.o
                0x00000000080047b8                HAL_RCC_GetPCLK2Freq
 .text.HAL_RCCEx_PeriphCLKConfig
                0x00000000080047d8      0x1d4 Drivers/STM32L0xx_HAL_Driver/stm32l0xx_hal_rcc_ex.o
                0x00000000080047d8                HAL_RCCEx_PeriphCLKConfig
 .text.HAL_RCCEx_GetPeriphCLKFreq
                0x00000000080049ac      0x1fc Drivers/STM32L0xx_HAL_Driver/stm32l0xx_hal_rcc_ex.o
                0x00000000080049ac                HAL_RCCEx_GetPeriphCLKFreq
 .text.HAL_RTC_DeactivateAlarm
                0x0000000008004ba8       0xc0 Drivers/STM32L0xx_HAL_Driver/stm32l0xx_hal_rtc.o
                0x0000000008004ba8                HAL_RTC_DeactivateAlarm
 .text.HAL_RTC_WaitForSynchro
                0x0000000008004c68       0x34 Drivers/STM32L0xx_HAL_Driver/stm32l0xx_hal_rtc.o
                0x0000000008004c68                HAL_RTC_WaitForSynchro
 .text.RTC_EnterInitMode
                0x0000000008004c9c       0x38 Drivers/STM32L0xx_HAL_Driver/stm32l0xx_hal_rtc.o
                0x0000000008004c9c                RTC_EnterInitMode
 .text.HAL_RTC_Init
                0x0000000008004cd4       0x94 Drivers/STM32L0xx_HAL_Driver/stm32l0xx_hal_rtc.o
                0x0000000008004cd4                HAL_RTC_Init
 .text.RTC_ByteToBcd2
                0x0000000008004d68       0x16 Drivers/STM32L0xx_HAL_Driver/stm32l0xx_hal_rtc.o
                0x0000000008004d68                RTC_ByteToBcd2
 *fill*         0x0000000008004d7e        0x2 
 .text.HAL_RTC_SetTime
                0x0000000008004d80       0xfc Drivers/STM32L0xx_HAL_Driver/stm32l0xx_hal_rtc.o
                0x0000000008004d80                HAL_RTC_SetTime
 .text.HAL_RTC_SetDate
                0x0000000008004e7c       0xd8 Drivers/STM32L0xx_HAL_Driver/stm32l0xx_hal_rtc.o
                0x0000000008004e7c                HAL_RTC_SetDate
 .text.HAL_RTC_SetAlarm_IT
                0x0000000008004f54      0x194 Drivers/STM32L0xx_HAL_Driver/stm32l0xx_hal_rtc.o
                0x0000000008004f54                HAL_RTC_SetAlarm_IT
 .text.RTC_Bcd2ToByte
                0x00000000080050e8       0x10 Drivers/STM32L0xx_HAL_Driver/stm32l0xx_hal_rtc.o
                0x00000000080050e8                RTC_Bcd2ToByte
 .text.HAL_RTC_GetTime
                0x00000000080050f8       0x54 Drivers/STM32L0xx_HAL_Driver/stm32l0xx_hal_rtc.o
                0x00000000080050f8                HAL_RTC_GetTime
 .text.HAL_RTC_GetDate
                0x000000000800514c       0x44 Drivers/STM32L0xx_HAL_Driver/stm32l0xx_hal_rtc.o
                0x000000000800514c                HAL_RTC_GetDate
 .text.HAL_RTCEx_EnableBypassShadow
                0x0000000008005190       0x32 Drivers/STM32L0xx_HAL_Driver/stm32l0xx_hal_rtc_ex.o
                0x0000000008005190                HAL_RTCEx_EnableBypassShadow
 *fill*         0x00000000080051c2        0x2 
 .text.SPI_WaitOnFlagUntilTimeout
                0x00000000080051c4       0x94 Drivers/STM32L0xx_HAL_Driver/stm32l0xx_hal_spi.o
 .text.HAL_SPI_MspInit
                0x0000000008005258        0x2 Drivers/STM32L0xx_HAL_Driver/stm32l0xx_hal_spi.o
                0x0000000008005258                HAL_SPI_MspInit
 *fill*         0x000000000800525a        0x2 
 .text.HAL_SPI_Init
                0x000000000800525c       0x80 Drivers/STM32L0xx_HAL_Driver/stm32l0xx_hal_spi.o
                0x000000000800525c                HAL_SPI_Init
 .text.HAL_SPI_MspDeInit
                0x00000000080052dc        0x2 Drivers/STM32L0xx_HAL_Driver/stm32l0xx_hal_spi.o
                0x00000000080052dc                HAL_SPI_MspDeInit
 .text.HAL_SPI_DeInit
                0x00000000080052de       0x2e Drivers/STM32L0xx_HAL_Driver/stm32l0xx_hal_spi.o
                0x00000000080052de                HAL_SPI_DeInit
 .text.HAL_SPI_TransmitReceive
                0x000000000800530c      0x2f0 Drivers/STM32L0xx_HAL_Driver/stm32l0xx_hal_spi.o
                0x000000000800530c                HAL_SPI_TransmitReceive
 .text.HAL_UART_DeInit
                0x00000000080055fc       0x3a Drivers/STM32L0xx_HAL_Driver/stm32l0xx_hal_uart.o
                0x00000000080055fc                HAL_UART_DeInit
 *fill*         0x0000000008005636        0x2 
 .text.UART_SetConfig
                0x0000000008005638      0x260 Drivers/STM32L0xx_HAL_Driver/stm32l0xx_hal_uart.o
                0x0000000008005638                UART_SetConfig
 .text.UART_AdvFeatureConfig
                0x0000000008005898       0xd0 Drivers/STM32L0xx_HAL_Driver/stm32l0xx_hal_uart.o
                0x0000000008005898                UART_AdvFeatureConfig
 .text.UART_WaitOnFlagUntilTimeout
                0x0000000008005968       0x64 Drivers/STM32L0xx_HAL_Driver/stm32l0xx_hal_uart.o
                0x0000000008005968                UART_WaitOnFlagUntilTimeout
 .text.HAL_UART_Transmit
                0x00000000080059cc       0xcc Drivers/STM32L0xx_HAL_Driver/stm32l0xx_hal_uart.o
                0x00000000080059cc                HAL_UART_Transmit
 .text.UART_CheckIdleState
                0x0000000008005a98       0x64 Drivers/STM32L0xx_HAL_Driver/stm32l0xx_hal_uart.o
                0x0000000008005a98                UART_CheckIdleState
 .text.HAL_UART_Init
                0x0000000008005afc       0x6c Drivers/STM32L0xx_HAL_Driver/stm32l0xx_hal_uart.o
                0x0000000008005afc                HAL_UART_Init
 .text.DelayMs  0x0000000008005b68        0x8 Middlewares/Lora/Utilities/delay.o
                0x0000000008005b68                DelayMs
 .text.LPM_SetStopMode
                0x0000000008005b70       0x2c Middlewares/Lora/Utilities/low_power_manager.o
                0x0000000008005b70                LPM_SetStopMode
 .text.LPM_GetMode
                0x0000000008005b9c       0x24 Middlewares/Lora/Utilities/low_power_manager.o
                0x0000000008005b9c                LPM_GetMode
 .text.LPM_ExitSleepMode
                0x0000000008005bc0        0x2 Middlewares/Lora/Utilities/low_power_manager.o
                0x0000000008005bc0                LPM_ExitSleepMode
 .text.LPM_EnterOffMode
                0x0000000008005bc2        0x2 Middlewares/Lora/Utilities/low_power_manager.o
                0x0000000008005bc2                LPM_EnterOffMode
 .text.LPM_ExitOffMode
                0x0000000008005bc4        0x2 Middlewares/Lora/Utilities/low_power_manager.o
                0x0000000008005bc4                LPM_ExitOffMode
 *fill*         0x0000000008005bc6        0x2 
 .text.LPM_EnterLowPower
                0x0000000008005bc8       0x34 Middlewares/Lora/Utilities/low_power_manager.o
                0x0000000008005bc8                LPM_EnterLowPower
 .text.TimerSetTimeout
                0x0000000008005bfc       0x2a Middlewares/Lora/Utilities/timeServer.o
 *fill*         0x0000000008005c26        0x2 
 .text.TimerInsertNewHeadTimer
                0x0000000008005c28       0x1c Middlewares/Lora/Utilities/timeServer.o
 .text.TimerInit
                0x0000000008005c44        0xe Middlewares/Lora/Utilities/timeServer.o
                0x0000000008005c44                TimerInit
 *fill*         0x0000000008005c52        0x2 
 .text.TimerStart
                0x0000000008005c54       0x70 Middlewares/Lora/Utilities/timeServer.o
                0x0000000008005c54                TimerStart
 .text.TimerIrqHandler
                0x0000000008005cc4       0x74 Middlewares/Lora/Utilities/timeServer.o
                0x0000000008005cc4                TimerIrqHandler
 .text.TimerStop
                0x0000000008005d38       0x58 Middlewares/Lora/Utilities/timeServer.o
                0x0000000008005d38                TimerStop
 .text.TimerSetValue
                0x0000000008005d90       0x22 Middlewares/Lora/Utilities/timeServer.o
                0x0000000008005d90                TimerSetValue
 .text.TimerGetCurrentTime
                0x0000000008005db2        0xc Middlewares/Lora/Utilities/timeServer.o
                0x0000000008005db2                TimerGetCurrentTime
 .text.TimerGetElapsedTime
                0x0000000008005dbe       0x18 Middlewares/Lora/Utilities/timeServer.o
                0x0000000008005dbe                TimerGetElapsedTime
 .text.memcpy1  0x0000000008005dd6       0x12 Middlewares/Lora/Utilities/utilities.o
                0x0000000008005dd6                memcpy1
 .text.memset1  0x0000000008005de8       0x18 Middlewares/Lora/Utilities/utilities.o
                0x0000000008005de8                memset1
 .text.DBG_Init
                0x0000000008005e00       0x48 Projects/PingPong/debug.o
                0x0000000008005e00                DBG_Init
 .text.Error_Handler
                0x0000000008005e48        0x2 Projects/PingPong/debug.o
                0x0000000008005e48                Error_Handler
 *fill*         0x0000000008005e4a        0x2 
 .text.HW_GPIO_GetBitPos
                0x0000000008005e4c       0x3c Projects/PingPong/hw_gpio.o
 .text.HW_GPIO_Init
                0x0000000008005e88       0x98 Projects/PingPong/hw_gpio.o
                0x0000000008005e88                HW_GPIO_Init
 .text.HW_GPIO_SetIrq
                0x0000000008005f20       0x34 Projects/PingPong/hw_gpio.o
                0x0000000008005f20                HW_GPIO_SetIrq
 .text.HW_GPIO_IrqHandler
                0x0000000008005f54       0x18 Projects/PingPong/hw_gpio.o
                0x0000000008005f54                HW_GPIO_IrqHandler
 .text.HW_GPIO_Write
                0x0000000008005f6c        0xa Projects/PingPong/hw_gpio.o
                0x0000000008005f6c                HW_GPIO_Write
 *fill*         0x0000000008005f76        0x2 
 .text.HW_RTC_GetCalendarValue
                0x0000000008005f78       0xa0 Projects/PingPong/hw_rtc.o
 .text.HW_RTC_GetMinimumTimeout
                0x0000000008006018        0x4 Projects/PingPong/hw_rtc.o
                0x0000000008006018                HW_RTC_GetMinimumTimeout
 .text.HW_RTC_ms2Tick
                0x000000000800601c       0x10 Projects/PingPong/hw_rtc.o
                0x000000000800601c                HW_RTC_ms2Tick
 .text.HW_RTC_Tick2ms
                0x000000000800602c       0x14 Projects/PingPong/hw_rtc.o
                0x000000000800602c                HW_RTC_Tick2ms
 .text.HW_RTC_GetTimerElapsedTime
                0x0000000008006040       0x18 Projects/PingPong/hw_rtc.o
                0x0000000008006040                HW_RTC_GetTimerElapsedTime
 .text.HW_RTC_GetTimerValue
                0x0000000008006058        0xe Projects/PingPong/hw_rtc.o
                0x0000000008006058                HW_RTC_GetTimerValue
 *fill*         0x0000000008006066        0x2 
 .text.HW_RTC_StopAlarm
                0x0000000008006068       0x24 Projects/PingPong/hw_rtc.o
                0x0000000008006068                HW_RTC_StopAlarm
 .text.HW_RTC_SetAlarm
                0x000000000800608c      0x154 Projects/PingPong/hw_rtc.o
                0x000000000800608c                HW_RTC_SetAlarm
 .text.HW_RTC_IrqHandler
                0x00000000080061e0       0x40 Projects/PingPong/hw_rtc.o
                0x00000000080061e0                HW_RTC_IrqHandler
 .text.HW_RTC_DelayMs
                0x0000000008006220       0x26 Projects/PingPong/hw_rtc.o
                0x0000000008006220                HW_RTC_DelayMs
 *fill*         0x0000000008006246        0x2 
 .text.HW_RTC_SetTimerContext
                0x0000000008006248       0x18 Projects/PingPong/hw_rtc.o
                0x0000000008006248                HW_RTC_SetTimerContext
 .text.HW_RTC_Init
                0x0000000008006260       0x80 Projects/PingPong/hw_rtc.o
                0x0000000008006260                HW_RTC_Init
 .text.HW_RTC_GetTimerContext
                0x00000000080062e0        0xc Projects/PingPong/hw_rtc.o
                0x00000000080062e0                HW_RTC_GetTimerContext
 .text.HW_SPI_Init
                0x00000000080062ec       0xdc Projects/PingPong/hw_spi.o
                0x00000000080062ec                HW_SPI_Init
 .text.HW_SPI_DeInit
                0x00000000080063c8       0xa4 Projects/PingPong/hw_spi.o
                0x00000000080063c8                HW_SPI_DeInit
 .text.HW_SPI_InOut
                0x000000000800646c       0x28 Projects/PingPong/hw_spi.o
                0x000000000800646c                HW_SPI_InOut
 .text.OnledEvent
                0x0000000008006494       0x10 Projects/PingPong/main.o
 .text.OnTxDone
                0x00000000080064a4       0x24 Projects/PingPong/main.o
                0x00000000080064a4                OnTxDone
 .text.OnTxTimeout
                0x00000000080064c8       0x24 Projects/PingPong/main.o
                0x00000000080064c8                OnTxTimeout
 .text.OnRxTimeout
                0x00000000080064ec       0x20 Projects/PingPong/main.o
                0x00000000080064ec                OnRxTimeout
 .text.OnRxError
                0x000000000800650c       0x20 Projects/PingPong/main.o
                0x000000000800650c                OnRxError
 .text.OnRxDone
                0x000000000800652c       0x3c Projects/PingPong/main.o
                0x000000000800652c                OnRxDone
 .text.TaskFunc
                0x0000000008006568       0x6c Projects/PingPong/main.o
                0x0000000008006568                TaskFunc
 .text.startup.main
                0x00000000080065d4       0xf4 Projects/PingPong/main.o
                0x00000000080065d4                main
 .text.HAL_InitTick
                0x00000000080066c8        0x4 Projects/PingPong/stm32l0xx_hal_msp.o
                0x00000000080066c8                HAL_InitTick
 .text.HAL_Delay
                0x00000000080066cc        0xc Projects/PingPong/stm32l0xx_hal_msp.o
                0x00000000080066cc                HAL_Delay
 .text.HAL_MspInit
                0x00000000080066d8       0x20 Projects/PingPong/stm32l0xx_hal_msp.o
                0x00000000080066d8                HAL_MspInit
 .text.HAL_RTC_MspInit
                0x00000000080066f8       0x5c Projects/PingPong/stm32l0xx_hal_msp.o
                0x00000000080066f8                HAL_RTC_MspInit
 .text.HAL_RTC_AlarmAEventCallback
                0x0000000008006754        0x8 Projects/PingPong/stm32l0xx_hal_msp.o
                0x0000000008006754                HAL_RTC_AlarmAEventCallback
 .text.HAL_GPIO_EXTI_Callback
                0x000000000800675c        0x8 Projects/PingPong/stm32l0xx_hal_msp.o
                0x000000000800675c                HAL_GPIO_EXTI_Callback
 .text.MSP_GetIRQn
                0x0000000008006764       0x20 Projects/PingPong/stm32l0xx_hal_msp.o
                0x0000000008006764                MSP_GetIRQn
 .text.HW_DeInit
                0x0000000008006784       0x20 Projects/PingPong/stm32l0xx_hw.o
                0x0000000008006784                HW_DeInit
 .text.SystemClock_Config
                0x00000000080067a4       0x94 Projects/PingPong/stm32l0xx_hw.o
                0x00000000080067a4                SystemClock_Config
 .text.HW_AdcInit
                0x0000000008006838       0x70 Projects/PingPong/stm32l0xx_hw.o
                0x0000000008006838                HW_AdcInit
 .text.HW_Init  0x00000000080068a8       0x30 Projects/PingPong/stm32l0xx_hw.o
                0x00000000080068a8                HW_Init
 .text.LPM_EnterStopMode
                0x00000000080068d8       0x28 Projects/PingPong/stm32l0xx_hw.o
                0x00000000080068d8                LPM_EnterStopMode
 .text.LPM_ExitStopMode
                0x0000000008006900       0x50 Projects/PingPong/stm32l0xx_hw.o
                0x0000000008006900                LPM_ExitStopMode
 .text.LPM_EnterSleepMode
                0x0000000008006950        0xc Projects/PingPong/stm32l0xx_hw.o
                0x0000000008006950                LPM_EnterSleepMode
 .text.NMI_Handler
                0x000000000800695c        0x2 Projects/PingPong/stm32l0xx_it.o
                0x000000000800695c                NMI_Handler
 .text.HardFault_Handler
                0x000000000800695e        0x4 Projects/PingPong/stm32l0xx_it.o
                0x000000000800695e                HardFault_Handler
 .text.SVC_Handler
                0x0000000008006962        0x2 Projects/PingPong/stm32l0xx_it.o
                0x0000000008006962                SVC_Handler
 .text.PendSV_Handler
                0x0000000008006964        0x2 Projects/PingPong/stm32l0xx_it.o
                0x0000000008006964                PendSV_Handler
 .text.SysTick_Handler
                0x0000000008006966        0x8 Projects/PingPong/stm32l0xx_it.o
                0x0000000008006966                SysTick_Handler
 .text.USART2_IRQHandler
                0x000000000800696e        0x8 Projects/PingPong/stm32l0xx_it.o
                0x000000000800696e                USART2_IRQHandler
 .text.RTC_IRQHandler
                0x0000000008006976        0x8 Projects/PingPong/stm32l0xx_it.o
                0x0000000008006976                RTC_IRQHandler
 .text.EXTI0_1_IRQHandler
                0x000000000800697e       0x10 Projects/PingPong/stm32l0xx_it.o
                0x000000000800697e                EXTI0_1_IRQHandler
 .text.EXTI2_3_IRQHandler
                0x000000000800698e       0x10 Projects/PingPong/stm32l0xx_it.o
                0x000000000800698e                EXTI2_3_IRQHandler
 .text.EXTI4_15_IRQHandler
                0x000000000800699e       0x5c Projects/PingPong/stm32l0xx_it.o
                0x000000000800699e                EXTI4_15_IRQHandler
 *fill*         0x00000000080069fa        0x2 
 .text.vcom_Init
                0x00000000080069fc       0x44 Projects/PingPong/vcom.o
                0x00000000080069fc                vcom_Init
 .text.vcom_DeInit
                0x0000000008006a40       0x10 Projects/PingPong/vcom.o
                0x0000000008006a40                vcom_DeInit
 .text.vcom_Send
                0x0000000008006a50       0x8c Projects/PingPong/vcom.o
                0x0000000008006a50                vcom_Send
 .text.vcom_Print
                0x0000000008006adc       0x6c Projects/PingPong/vcom.o
                0x0000000008006adc                vcom_Print
 .text.vcom_IoInit
                0x0000000008006b48       0x60 Projects/PingPong/vcom.o
                0x0000000008006b48                vcom_IoInit
 .text.HAL_UART_MspInit
                0x0000000008006ba8       0x18 Projects/PingPong/vcom.o
                0x0000000008006ba8                HAL_UART_MspInit
 .text.vcom_IoDeInit
                0x0000000008006bc0       0x58 Projects/PingPong/vcom.o
                0x0000000008006bc0                vcom_IoDeInit
 .text.HAL_UART_MspDeInit
                0x0000000008006c18        0x8 Projects/PingPong/vcom.o
                0x0000000008006c18                HAL_UART_MspDeInit
 .text.Reset_Handler
                0x0000000008006c20       0x50 Projects/SW4STM32/startup_stm32l073xx.o
                0x0000000008006c20                Reset_Handler
 .text.Default_Handler
                0x0000000008006c70        0x2 Projects/SW4STM32/startup_stm32l073xx.o
                0x0000000008006c70                TSC_IRQHandler
                0x0000000008006c70                ADC1_COMP_IRQHandler
                0x0000000008006c70                PVD_IRQHandler
                0x0000000008006c70                I2C1_IRQHandler
                0x0000000008006c70                RCC_CRS_IRQHandler
                0x0000000008006c70                SPI1_IRQHandler
                0x0000000008006c70                TIM6_DAC_IRQHandler
                0x0000000008006c70                I2C2_IRQHandler
                0x0000000008006c70                LCD_IRQHandler
                0x0000000008006c70                DMA1_Channel4_5_6_7_IRQHandler
                0x0000000008006c70                TIM3_IRQHandler
                0x0000000008006c70                DMA1_Channel1_IRQHandler
                0x0000000008006c70                USART4_5_IRQHandler
                0x0000000008006c70                Default_Handler
                0x0000000008006c70                TIM22_IRQHandler
                0x0000000008006c70                TIM7_IRQHandler
                0x0000000008006c70                USB_IRQHandler
                0x0000000008006c70                I2C3_IRQHandler
                0x0000000008006c70                SPI2_IRQHandler
                0x0000000008006c70                TIM21_IRQHandler
                0x0000000008006c70                WWDG_IRQHandler
                0x0000000008006c70                TIM2_IRQHandler
                0x0000000008006c70                DMA1_Channel2_3_IRQHandler
                0x0000000008006c70                FLASH_IRQHandler
                0x0000000008006c70                USART1_IRQHandler
                0x0000000008006c70                RNG_LPUART1_IRQHandler
                0x0000000008006c70                LPTIM1_IRQHandler
 *fill*         0x0000000008006c72        0x2 
 .text.ceil     0x0000000008006c74      0x12c /home/sam/Programs/stm32/Ac6/plugins/fr.ac6.mcu.externaltools.arm-none.linux64_1.15.0.201708311556/tools/compiler/bin/../lib/gcc/arm-none-eabi/6.3.1/../../../../arm-none-eabi/lib/thumb/v6-m/libm.a(lib_a-s_ceil.o)
                0x0000000008006c74                ceil
 .text.floor    0x0000000008006da0      0x130 /home/sam/Programs/stm32/Ac6/plugins/fr.ac6.mcu.externaltools.arm-none.linux64_1.15.0.201708311556/tools/compiler/bin/../lib/gcc/arm-none-eabi/6.3.1/../../../../arm-none-eabi/lib/thumb/v6-m/libm.a(lib_a-s_floor.o)
                0x0000000008006da0                floor
 .text.round    0x0000000008006ed0       0xac /home/sam/Programs/stm32/Ac6/plugins/fr.ac6.mcu.externaltools.arm-none.linux64_1.15.0.201708311556/tools/compiler/bin/../lib/gcc/arm-none-eabi/6.3.1/../../../../arm-none-eabi/lib/thumb/v6-m/libm.a(lib_a-s_round.o)
                0x0000000008006ed0                round
 .text.__libc_init_array
                0x0000000008006f7c       0x48 /home/sam/Programs/stm32/Ac6/plugins/fr.ac6.mcu.externaltools.arm-none.linux64_1.15.0.201708311556/tools/compiler/bin/../lib/gcc/arm-none-eabi/6.3.1/../../../../arm-none-eabi/lib/thumb/v6-m/libc_nano.a(lib_a-init.o)
                0x0000000008006f7c                __libc_init_array
 .text.memcpy   0x0000000008006fc4       0x12 /home/sam/Programs/stm32/Ac6/plugins/fr.ac6.mcu.externaltools.arm-none.linux64_1.15.0.201708311556/tools/compiler/bin/../lib/gcc/arm-none-eabi/6.3.1/../../../../arm-none-eabi/lib/thumb/v6-m/libc_nano.a(lib_a-memcpy-stub.o)
                0x0000000008006fc4                memcpy
 .text.memset   0x0000000008006fd6       0x10 /home/sam/Programs/stm32/Ac6/plugins/fr.ac6.mcu.externaltools.arm-none.linux64_1.15.0.201708311556/tools/compiler/bin/../lib/gcc/arm-none-eabi/6.3.1/../../../../arm-none-eabi/lib/thumb/v6-m/libc_nano.a(lib_a-memset.o)
                0x0000000008006fd6                memset
 *fill*         0x0000000008006fe6        0x2 
 .text._vsprintf_r
                0x0000000008006fe8       0x30 /home/sam/Programs/stm32/Ac6/plugins/fr.ac6.mcu.externaltools.arm-none.linux64_1.15.0.201708311556/tools/compiler/bin/../lib/gcc/arm-none-eabi/6.3.1/../../../../arm-none-eabi/lib/thumb/v6-m/libc_nano.a(lib_a-vsprintf.o)
                0x0000000008006fe8                _vsiprintf_r
                0x0000000008006fe8                _vsprintf_r
 .text.vsprintf
                0x0000000008007018       0x18 /home/sam/Programs/stm32/Ac6/plugins/fr.ac6.mcu.externaltools.arm-none.linux64_1.15.0.201708311556/tools/compiler/bin/../lib/gcc/arm-none-eabi/6.3.1/../../../../arm-none-eabi/lib/thumb/v6-m/libc_nano.a(lib_a-vsprintf.o)
                0x0000000008007018                vsprintf
                0x0000000008007018                vsiprintf
 .text.__ssputs_r
                0x0000000008007030       0xc4 /home/sam/Programs/stm32/Ac6/plugins/fr.ac6.mcu.externaltools.arm-none.linux64_1.15.0.201708311556/tools/compiler/bin/../lib/gcc/arm-none-eabi/6.3.1/../../../../arm-none-eabi/lib/thumb/v6-m/libc_nano.a(lib_a-nano-svfprintf.o)
                0x0000000008007030                __ssputs_r
 .text._svfprintf_r
                0x00000000080070f4      0x208 /home/sam/Programs/stm32/Ac6/plugins/fr.ac6.mcu.externaltools.arm-none.linux64_1.15.0.201708311556/tools/compiler/bin/../lib/gcc/arm-none-eabi/6.3.1/../../../../arm-none-eabi/lib/thumb/v6-m/libc_nano.a(lib_a-nano-svfprintf.o)
                0x00000000080070f4                _svfprintf_r
                0x00000000080070f4                _svfiprintf_r
 .text._printf_common
                0x00000000080072fc       0xda /home/sam/Programs/stm32/Ac6/plugins/fr.ac6.mcu.externaltools.arm-none.linux64_1.15.0.201708311556/tools/compiler/bin/../lib/gcc/arm-none-eabi/6.3.1/../../../../arm-none-eabi/lib/thumb/v6-m/libc_nano.a(lib_a-nano-vfprintf_i.o)
                0x00000000080072fc                _printf_common
 *fill*         0x00000000080073d6        0x2 
 .text._printf_i
                0x00000000080073d8      0x234 /home/sam/Programs/stm32/Ac6/plugins/fr.ac6.mcu.externaltools.arm-none.linux64_1.15.0.201708311556/tools/compiler/bin/../lib/gcc/arm-none-eabi/6.3.1/../../../../arm-none-eabi/lib/thumb/v6-m/libc_nano.a(lib_a-nano-vfprintf_i.o)
                0x00000000080073d8                _printf_i
 .text.memchr   0x000000000800760c       0x16 /home/sam/Programs/stm32/Ac6/plugins/fr.ac6.mcu.externaltools.arm-none.linux64_1.15.0.201708311556/tools/compiler/bin/../lib/gcc/arm-none-eabi/6.3.1/../../../../arm-none-eabi/lib/thumb/v6-m/libc_nano.a(lib_a-memchr-stub.o)
                0x000000000800760c                memchr
 .text.memmove  0x0000000008007622       0x24 /home/sam/Programs/stm32/Ac6/plugins/fr.ac6.mcu.externaltools.arm-none.linux64_1.15.0.201708311556/tools/compiler/bin/../lib/gcc/arm-none-eabi/6.3.1/../../../../arm-none-eabi/lib/thumb/v6-m/libc_nano.a(lib_a-memmove.o)
                0x0000000008007622                memmove
 *fill*         0x0000000008007646        0x2 
 .text._free_r  0x0000000008007648       0x94 /home/sam/Programs/stm32/Ac6/plugins/fr.ac6.mcu.externaltools.arm-none.linux64_1.15.0.201708311556/tools/compiler/bin/../lib/gcc/arm-none-eabi/6.3.1/../../../../arm-none-eabi/lib/thumb/v6-m/libc_nano.a(lib_a-nano-freer.o)
                0x0000000008007648                _free_r
 .text._malloc_r
                0x00000000080076dc       0xbc /home/sam/Programs/stm32/Ac6/plugins/fr.ac6.mcu.externaltools.arm-none.linux64_1.15.0.201708311556/tools/compiler/bin/../lib/gcc/arm-none-eabi/6.3.1/../../../../arm-none-eabi/lib/thumb/v6-m/libc_nano.a(lib_a-nano-mallocr.o)
                0x00000000080076dc                _malloc_r
 .text._realloc_r
                0x0000000008007798       0x4c /home/sam/Programs/stm32/Ac6/plugins/fr.ac6.mcu.externaltools.arm-none.linux64_1.15.0.201708311556/tools/compiler/bin/../lib/gcc/arm-none-eabi/6.3.1/../../../../arm-none-eabi/lib/thumb/v6-m/libc_nano.a(lib_a-nano-reallocr.o)
                0x0000000008007798                _realloc_r
 .text._sbrk_r  0x00000000080077e4       0x24 /home/sam/Programs/stm32/Ac6/plugins/fr.ac6.mcu.externaltools.arm-none.linux64_1.15.0.201708311556/tools/compiler/bin/../lib/gcc/arm-none-eabi/6.3.1/../../../../arm-none-eabi/lib/thumb/v6-m/libc_nano.a(lib_a-sbrkr.o)
                0x00000000080077e4                _sbrk_r
 .text.__malloc_lock
                0x0000000008007808        0x2 /home/sam/Programs/stm32/Ac6/plugins/fr.ac6.mcu.externaltools.arm-none.linux64_1.15.0.201708311556/tools/compiler/bin/../lib/gcc/arm-none-eabi/6.3.1/../../../../arm-none-eabi/lib/thumb/v6-m/libc_nano.a(lib_a-mlock.o)
                0x0000000008007808                __malloc_lock
 .text.__malloc_unlock
                0x000000000800780a        0x2 /home/sam/Programs/stm32/Ac6/plugins/fr.ac6.mcu.externaltools.arm-none.linux64_1.15.0.201708311556/tools/compiler/bin/../lib/gcc/arm-none-eabi/6.3.1/../../../../arm-none-eabi/lib/thumb/v6-m/libc_nano.a(lib_a-mlock.o)
                0x000000000800780a                __malloc_unlock
 .text._malloc_usable_size_r
                0x000000000800780c       0x10 /home/sam/Programs/stm32/Ac6/plugins/fr.ac6.mcu.externaltools.arm-none.linux64_1.15.0.201708311556/tools/compiler/bin/../lib/gcc/arm-none-eabi/6.3.1/../../../../arm-none-eabi/lib/thumb/v6-m/libc_nano.a(lib_a-nano-msizer.o)
                0x000000000800780c                _malloc_usable_size_r
 .text._sbrk    0x000000000800781c       0x1c /home/sam/Programs/stm32/Ac6/plugins/fr.ac6.mcu.externaltools.arm-none.linux64_1.15.0.201708311556/tools/compiler/bin/../lib/gcc/arm-none-eabi/6.3.1/../../../../arm-none-eabi/lib/thumb/v6-m/libnosys.a(sbrk.o)
                0x000000000800781c                _sbrk
 *(.glue_7)
 .glue_7        0x0000000008007838        0x0 linker stubs
 *(.glue_7t)
 .glue_7t       0x0000000008007838        0x0 linker stubs
 *(.eh_frame)
 .eh_frame      0x0000000008007838        0x0 /home/sam/Programs/stm32/Ac6/plugins/fr.ac6.mcu.externaltools.arm-none.linux64_1.15.0.201708311556/tools/compiler/bin/../lib/gcc/arm-none-eabi/6.3.1/thumb/v6-m/crtbegin.o
 *(.init)
 .init          0x0000000008007838        0x4 /home/sam/Programs/stm32/Ac6/plugins/fr.ac6.mcu.externaltools.arm-none.linux64_1.15.0.201708311556/tools/compiler/bin/../lib/gcc/arm-none-eabi/6.3.1/thumb/v6-m/crti.o
                0x0000000008007838                _init
 .init          0x000000000800783c        0x8 /home/sam/Programs/stm32/Ac6/plugins/fr.ac6.mcu.externaltools.arm-none.linux64_1.15.0.201708311556/tools/compiler/bin/../lib/gcc/arm-none-eabi/6.3.1/thumb/v6-m/crtn.o
 *(.fini)
 .fini          0x0000000008007844        0x4 /home/sam/Programs/stm32/Ac6/plugins/fr.ac6.mcu.externaltools.arm-none.linux64_1.15.0.201708311556/tools/compiler/bin/../lib/gcc/arm-none-eabi/6.3.1/thumb/v6-m/crti.o
                0x0000000008007844                _fini
 .fini          0x0000000008007848        0x8 /home/sam/Programs/stm32/Ac6/plugins/fr.ac6.mcu.externaltools.arm-none.linux64_1.15.0.201708311556/tools/compiler/bin/../lib/gcc/arm-none-eabi/6.3.1/thumb/v6-m/crtn.o
                0x0000000008007850                . = ALIGN (0x4)
                0x0000000008007850                _etext = .

.vfp11_veneer   0x0000000008007850        0x0
 .vfp11_veneer  0x0000000008007850        0x0 linker stubs

.v4_bx          0x0000000008007850        0x0
 .v4_bx         0x0000000008007850        0x0 linker stubs

.iplt           0x0000000008007850        0x0
 .iplt          0x0000000008007850        0x0 /home/sam/Programs/stm32/Ac6/plugins/fr.ac6.mcu.externaltools.arm-none.linux64_1.15.0.201708311556/tools/compiler/bin/../lib/gcc/arm-none-eabi/6.3.1/thumb/v6-m/crtbegin.o

.rodata         0x0000000008007850      0x2d0
                0x0000000008007850                . = ALIGN (0x4)
 *(.rodata)
 .rodata        0x0000000008007850       0xf8 Drivers/BSP/Components/sx1276.o
                0x0000000008007850                FskBandwidths
                0x0000000008007918                RadioRegsInit
 .rodata        0x0000000008007948       0x68 Drivers/BSP/sx1276mb1las/sx1276mb1las.o
                0x0000000008007948                Radio
 .rodata        0x00000000080079b0       0x21 Drivers/CMSIS/system_stm32l0xx.o
                0x00000000080079b0                PLLMulTable
                0x00000000080079b9                AHBPrescTable
                0x00000000080079c9                APBPrescTable
 .rodata        0x00000000080079d1       0x11 Drivers/STM32L0xx_HAL_Driver/stm32l0xx_hal_uart.o
 .rodata        0x00000000080079e2       0x18 Projects/PingPong/hw_rtc.o
 *fill*         0x00000000080079fa        0x2 
 .rodata        0x00000000080079fc       0x40 /home/sam/Programs/stm32/Ac6/plugins/fr.ac6.mcu.externaltools.arm-none.linux64_1.15.0.201708311556/tools/compiler/bin/../lib/gcc/arm-none-eabi/6.3.1/thumb/v6-m/libgcc.a(divdf3.o)
 .rodata        0x0000000008007a3c       0x40 /home/sam/Programs/stm32/Ac6/plugins/fr.ac6.mcu.externaltools.arm-none.linux64_1.15.0.201708311556/tools/compiler/bin/../lib/gcc/arm-none-eabi/6.3.1/thumb/v6-m/libgcc.a(muldf3.o)
 *(.rodata*)
 .rodata.str1.1
                0x0000000008007a7c       0x15 Drivers/BSP/Components/sx1276.o
 .rodata.cst1   0x0000000008007a91        0x1 Drivers/BSP/sx1276mb1las/sx1276mb1las.o
 .rodata.str1.1
                0x0000000008007a92       0x5a Projects/PingPong/main.o
 .rodata._svfprintf_r.str1.1
                0x0000000008007aec       0x11 /home/sam/Programs/stm32/Ac6/plugins/fr.ac6.mcu.externaltools.arm-none.linux64_1.15.0.201708311556/tools/compiler/bin/../lib/gcc/arm-none-eabi/6.3.1/../../../../arm-none-eabi/lib/thumb/v6-m/libc_nano.a(lib_a-nano-svfprintf.o)
 .rodata._printf_i.str1.1
                0x0000000008007afd       0x22 /home/sam/Programs/stm32/Ac6/plugins/fr.ac6.mcu.externaltools.arm-none.linux64_1.15.0.201708311556/tools/compiler/bin/../lib/gcc/arm-none-eabi/6.3.1/../../../../arm-none-eabi/lib/thumb/v6-m/libc_nano.a(lib_a-nano-vfprintf_i.o)
                0x0000000008007b20                . = ALIGN (0x4)
 *fill*         0x0000000008007b1f        0x1 

.ARM.extab
 *(.ARM.extab* .gnu.linkonce.armextab.*)

.ARM            0x0000000008007b20        0x8
                0x0000000008007b20                __exidx_start = .
 *(.ARM.exidx*)
 .ARM.exidx     0x0000000008007b20        0x8 /home/sam/Programs/stm32/Ac6/plugins/fr.ac6.mcu.externaltools.arm-none.linux64_1.15.0.201708311556/tools/compiler/bin/../lib/gcc/arm-none-eabi/6.3.1/thumb/v6-m/libgcc.a(_udivmoddi4.o)
                0x0000000008007b28                __exidx_end = .

.rel.dyn        0x0000000008007b28        0x0
 .rel.iplt      0x0000000008007b28        0x0 /home/sam/Programs/stm32/Ac6/plugins/fr.ac6.mcu.externaltools.arm-none.linux64_1.15.0.201708311556/tools/compiler/bin/../lib/gcc/arm-none-eabi/6.3.1/thumb/v6-m/crtbegin.o

.preinit_array  0x0000000008007b28        0x0
                0x0000000008007b28                PROVIDE (__preinit_array_start, .)
 *(.preinit_array*)
                0x0000000008007b28                PROVIDE (__preinit_array_end, .)

.init_array     0x0000000008007b28        0x4
                0x0000000008007b28                PROVIDE (__init_array_start, .)
 *(SORT(.init_array.*))
 *(.init_array*)
 .init_array    0x0000000008007b28        0x4 /home/sam/Programs/stm32/Ac6/plugins/fr.ac6.mcu.externaltools.arm-none.linux64_1.15.0.201708311556/tools/compiler/bin/../lib/gcc/arm-none-eabi/6.3.1/thumb/v6-m/crtbegin.o
                0x0000000008007b2c                PROVIDE (__init_array_end, .)

.fini_array     0x0000000008007b2c        0x4
                [!provide]                        PROVIDE (__fini_array_start, .)
 *(SORT(.fini_array.*))
 *(.fini_array*)
 .fini_array    0x0000000008007b2c        0x4 /home/sam/Programs/stm32/Ac6/plugins/fr.ac6.mcu.externaltools.arm-none.linux64_1.15.0.201708311556/tools/compiler/bin/../lib/gcc/arm-none-eabi/6.3.1/thumb/v6-m/crtbegin.o
                [!provide]                        PROVIDE (__fini_array_end, .)
                0x0000000008007b30                _sidata = LOADADDR (.data)

.data           0x0000000020000000       0x9c load address 0x0000000008007b30
                0x0000000020000000                . = ALIGN (0x4)
                0x0000000020000000                _sdata = .
 *(.data)
 .data          0x0000000020000000       0x18 Drivers/BSP/Components/sx1276.o
                0x0000000020000000                DioIrq
 .data          0x0000000020000018       0x18 Drivers/BSP/sx1276mb1las/sx1276mb1las.o
 .data          0x0000000020000030        0x4 Drivers/CMSIS/system_stm32l0xx.o
                0x0000000020000030                SystemCoreClock
 .data          0x0000000020000034        0x2 Projects/PingPong/main.o
                0x0000000020000034                BufferSize
 *(.data*)
 *fill*         0x0000000020000036        0x2 
 .data._impure_ptr
                0x0000000020000038        0x4 /home/sam/Programs/stm32/Ac6/plugins/fr.ac6.mcu.externaltools.arm-none.linux64_1.15.0.201708311556/tools/compiler/bin/../lib/gcc/arm-none-eabi/6.3.1/../../../../arm-none-eabi/lib/thumb/v6-m/libc_nano.a(lib_a-impure.o)
                0x0000000020000038                _impure_ptr
 .data.impure_data
                0x000000002000003c       0x60 /home/sam/Programs/stm32/Ac6/plugins/fr.ac6.mcu.externaltools.arm-none.linux64_1.15.0.201708311556/tools/compiler/bin/../lib/gcc/arm-none-eabi/6.3.1/../../../../arm-none-eabi/lib/thumb/v6-m/libc_nano.a(lib_a-impure.o)
                0x000000002000009c                . = ALIGN (0x4)
                0x000000002000009c                _edata = .

.jcr            0x000000002000009c        0x0 load address 0x0000000008007bcc
 .jcr           0x000000002000009c        0x0 /home/sam/Programs/stm32/Ac6/plugins/fr.ac6.mcu.externaltools.arm-none.linux64_1.15.0.201708311556/tools/compiler/bin/../lib/gcc/arm-none-eabi/6.3.1/thumb/v6-m/crtbegin.o

.igot.plt       0x000000002000009c        0x0 load address 0x0000000008007bcc
 .igot.plt      0x000000002000009c        0x0 /home/sam/Programs/stm32/Ac6/plugins/fr.ac6.mcu.externaltools.arm-none.linux64_1.15.0.201708311556/tools/compiler/bin/../lib/gcc/arm-none-eabi/6.3.1/thumb/v6-m/crtbegin.o
                0x000000002000009c                . = ALIGN (0x4)

.bss            0x000000002000009c      0x548 load address 0x0000000008007bcc
                0x000000002000009c                _sbss = .
                0x000000002000009c                __bss_start__ = _sbss
 *(.bss)
 .bss           0x000000002000009c       0x1c /home/sam/Programs/stm32/Ac6/plugins/fr.ac6.mcu.externaltools.arm-none.linux64_1.15.0.201708311556/tools/compiler/bin/../lib/gcc/arm-none-eabi/6.3.1/thumb/v6-m/crtbegin.o
 .bss           0x00000000200000b8      0x108 Drivers/BSP/Components/sx1276.o
 .bss           0x00000000200001c0        0x1 Drivers/BSP/sx1276mb1las/sx1276mb1las.o
 *fill*         0x00000000200001c1        0x3 
 .bss           0x00000000200001c4        0x8 Middlewares/Lora/Utilities/low_power_manager.o
 .bss           0x00000000200001cc        0x4 Middlewares/Lora/Utilities/timeServer.o
 .bss           0x00000000200001d0       0x40 Projects/PingPong/hw_gpio.o
 .bss           0x0000000020000210       0x71 Projects/PingPong/hw_rtc.o
 *fill*         0x0000000020000281        0x3 
 .bss           0x0000000020000284       0x58 Projects/PingPong/hw_spi.o
 .bss           0x00000000200002dc       0x34 Projects/PingPong/main.o
                0x00000000200002f0                State
                0x00000000200002f1                RssiValue
                0x00000000200002f2                SnrValue
 .bss           0x0000000020000310       0x64 Projects/PingPong/stm32l0xx_hw.o
 .bss           0x0000000020000374      0x174 Projects/PingPong/vcom.o
                0x00000000200003e4                iw
 *(.bss*)
 .bss.__malloc_free_list
                0x00000000200004e8        0x4 /home/sam/Programs/stm32/Ac6/plugins/fr.ac6.mcu.externaltools.arm-none.linux64_1.15.0.201708311556/tools/compiler/bin/../lib/gcc/arm-none-eabi/6.3.1/../../../../arm-none-eabi/lib/thumb/v6-m/libc_nano.a(lib_a-nano-mallocr.o)
                0x00000000200004e8                __malloc_free_list
 .bss.__malloc_sbrk_start
                0x00000000200004ec        0x4 /home/sam/Programs/stm32/Ac6/plugins/fr.ac6.mcu.externaltools.arm-none.linux64_1.15.0.201708311556/tools/compiler/bin/../lib/gcc/arm-none-eabi/6.3.1/../../../../arm-none-eabi/lib/thumb/v6-m/libc_nano.a(lib_a-nano-mallocr.o)
                0x00000000200004ec                __malloc_sbrk_start
 .bss.heap_end.4116
                0x00000000200004f0        0x4 /home/sam/Programs/stm32/Ac6/plugins/fr.ac6.mcu.externaltools.arm-none.linux64_1.15.0.201708311556/tools/compiler/bin/../lib/gcc/arm-none-eabi/6.3.1/../../../../arm-none-eabi/lib/thumb/v6-m/libnosys.a(sbrk.o)
 *(COMMON)
 COMMON         0x00000000200004f4       0xa4 Drivers/BSP/Components/sx1276.o
                0x00000000200004f4                TxTimeoutTimer
                0x0000000020000508                RxTimeoutSyncWord
                0x000000002000051c                SX1276
                0x0000000020000584                RxTimeoutTimer
 COMMON         0x0000000020000598        0x4 Drivers/STM32L0xx_HAL_Driver/stm32l0xx_hal.o
                0x0000000020000598                uwTick
 COMMON         0x000000002000059c       0x41 Projects/PingPong/main.o
                0x000000002000059c                bufInx
                0x000000002000059d                Buffer
 *fill*         0x00000000200005dd        0x3 
 COMMON         0x00000000200005e0        0x4 /home/sam/Programs/stm32/Ac6/plugins/fr.ac6.mcu.externaltools.arm-none.linux64_1.15.0.201708311556/tools/compiler/bin/../lib/gcc/arm-none-eabi/6.3.1/../../../../arm-none-eabi/lib/thumb/v6-m/libc_nano.a(lib_a-reent.o)
                0x00000000200005e0                errno
                0x00000000200005e4                . = ALIGN (0x4)
                0x00000000200005e4                _ebss = .
                0x00000000200005e4                __bss_end__ = _ebss

._user_heap_stack
                0x00000000200005e4      0x604 load address 0x0000000008007bcc
                0x00000000200005e8                . = ALIGN (0x8)
 *fill*         0x00000000200005e4        0x4 
                0x00000000200005e8                PROVIDE (end, .)
                [!provide]                        PROVIDE (_end, .)
                0x00000000200007e8                . = (. + _Min_Heap_Size)
 *fill*         0x00000000200005e8      0x200 
                0x0000000020000be8                . = (. + _Min_Stack_Size)
 *fill*         0x00000000200007e8      0x400 
                0x0000000020000be8                . = ALIGN (0x8)

/DISCARD/
 libc.a(*)
 libm.a(*)
 libgcc.a(*)

.ARM.attributes
                0x0000000000000000       0x28
 *(.ARM.attributes)
 .ARM.attributes
                0x0000000000000000       0x1e /home/sam/Programs/stm32/Ac6/plugins/fr.ac6.mcu.externaltools.arm-none.linux64_1.15.0.201708311556/tools/compiler/bin/../lib/gcc/arm-none-eabi/6.3.1/thumb/v6-m/crti.o
 .ARM.attributes
                0x000000000000001e       0x2c /home/sam/Programs/stm32/Ac6/plugins/fr.ac6.mcu.externaltools.arm-none.linux64_1.15.0.201708311556/tools/compiler/bin/../lib/gcc/arm-none-eabi/6.3.1/thumb/v6-m/crtbegin.o
 .ARM.attributes
                0x000000000000004a       0x32 Drivers/BSP/Components/sx1276.o
 .ARM.attributes
                0x000000000000007c       0x32 Drivers/BSP/sx1276mb1las/sx1276mb1las.o
 .ARM.attributes
                0x00000000000000ae       0x32 Drivers/CMSIS/system_stm32l0xx.o
 .ARM.attributes
                0x00000000000000e0       0x32 Drivers/STM32L0xx_HAL_Driver/stm32l0xx_hal.o
 .ARM.attributes
                0x0000000000000112       0x32 Drivers/STM32L0xx_HAL_Driver/stm32l0xx_hal_adc.o
 .ARM.attributes
                0x0000000000000144       0x32 Drivers/STM32L0xx_HAL_Driver/stm32l0xx_hal_cortex.o
 .ARM.attributes
                0x0000000000000176       0x32 Drivers/STM32L0xx_HAL_Driver/stm32l0xx_hal_gpio.o
 .ARM.attributes
                0x00000000000001a8       0x32 Drivers/STM32L0xx_HAL_Driver/stm32l0xx_hal_pwr.o
 .ARM.attributes
                0x00000000000001da       0x32 Drivers/STM32L0xx_HAL_Driver/stm32l0xx_hal_pwr_ex.o
 .ARM.attributes
                0x000000000000020c       0x32 Drivers/STM32L0xx_HAL_Driver/stm32l0xx_hal_rcc.o
 .ARM.attributes
                0x000000000000023e       0x32 Drivers/STM32L0xx_HAL_Driver/stm32l0xx_hal_rcc_ex.o
 .ARM.attributes
                0x0000000000000270       0x32 Drivers/STM32L0xx_HAL_Driver/stm32l0xx_hal_rtc.o
 .ARM.attributes
                0x00000000000002a2       0x32 Drivers/STM32L0xx_HAL_Driver/stm32l0xx_hal_rtc_ex.o
 .ARM.attributes
                0x00000000000002d4       0x32 Drivers/STM32L0xx_HAL_Driver/stm32l0xx_hal_spi.o
 .ARM.attributes
                0x0000000000000306       0x32 Drivers/STM32L0xx_HAL_Driver/stm32l0xx_hal_uart.o
 .ARM.attributes
                0x0000000000000338       0x32 Middlewares/Lora/Utilities/delay.o
 .ARM.attributes
                0x000000000000036a       0x32 Middlewares/Lora/Utilities/low_power_manager.o
 .ARM.attributes
                0x000000000000039c       0x32 Middlewares/Lora/Utilities/timeServer.o
 .ARM.attributes
                0x00000000000003ce       0x32 Middlewares/Lora/Utilities/utilities.o
 .ARM.attributes
                0x0000000000000400       0x32 Projects/PingPong/debug.o
 .ARM.attributes
                0x0000000000000432       0x32 Projects/PingPong/hw_gpio.o
 .ARM.attributes
                0x0000000000000464       0x32 Projects/PingPong/hw_rtc.o
 .ARM.attributes
                0x0000000000000496       0x32 Projects/PingPong/hw_spi.o
 .ARM.attributes
                0x00000000000004c8       0x32 Projects/PingPong/main.o
 .ARM.attributes
                0x00000000000004fa       0x32 Projects/PingPong/stm32l0xx_hal_msp.o
 .ARM.attributes
                0x000000000000052c       0x32 Projects/PingPong/stm32l0xx_hw.o
 .ARM.attributes
                0x000000000000055e       0x32 Projects/PingPong/stm32l0xx_it.o
 .ARM.attributes
                0x0000000000000590       0x32 Projects/PingPong/vcom.o
 .ARM.attributes
                0x00000000000005c2       0x22 Projects/SW4STM32/startup_stm32l073xx.o
 .ARM.attributes
                0x00000000000005e4       0x2c /home/sam/Programs/stm32/Ac6/plugins/fr.ac6.mcu.externaltools.arm-none.linux64_1.15.0.201708311556/tools/compiler/bin/../lib/gcc/arm-none-eabi/6.3.1/../../../../arm-none-eabi/lib/thumb/v6-m/libm.a(lib_a-s_ceil.o)
 .ARM.attributes
                0x0000000000000610       0x2c /home/sam/Programs/stm32/Ac6/plugins/fr.ac6.mcu.externaltools.arm-none.linux64_1.15.0.201708311556/tools/compiler/bin/../lib/gcc/arm-none-eabi/6.3.1/../../../../arm-none-eabi/lib/thumb/v6-m/libm.a(lib_a-s_floor.o)
 .ARM.attributes
                0x000000000000063c       0x2c /home/sam/Programs/stm32/Ac6/plugins/fr.ac6.mcu.externaltools.arm-none.linux64_1.15.0.201708311556/tools/compiler/bin/../lib/gcc/arm-none-eabi/6.3.1/../../../../arm-none-eabi/lib/thumb/v6-m/libm.a(lib_a-s_round.o)
 .ARM.attributes
                0x0000000000000668       0x1e /home/sam/Programs/stm32/Ac6/plugins/fr.ac6.mcu.externaltools.arm-none.linux64_1.15.0.201708311556/tools/compiler/bin/../lib/gcc/arm-none-eabi/6.3.1/thumb/v6-m/libgcc.a(_thumb1_case_uqi.o)
 .ARM.attributes
                0x0000000000000686       0x1e /home/sam/Programs/stm32/Ac6/plugins/fr.ac6.mcu.externaltools.arm-none.linux64_1.15.0.201708311556/tools/compiler/bin/../lib/gcc/arm-none-eabi/6.3.1/thumb/v6-m/libgcc.a(_udivsi3.o)
 .ARM.attributes
                0x00000000000006a4       0x1e /home/sam/Programs/stm32/Ac6/plugins/fr.ac6.mcu.externaltools.arm-none.linux64_1.15.0.201708311556/tools/compiler/bin/../lib/gcc/arm-none-eabi/6.3.1/thumb/v6-m/libgcc.a(_divsi3.o)
 .ARM.attributes
                0x00000000000006c2       0x1e /home/sam/Programs/stm32/Ac6/plugins/fr.ac6.mcu.externaltools.arm-none.linux64_1.15.0.201708311556/tools/compiler/bin/../lib/gcc/arm-none-eabi/6.3.1/thumb/v6-m/libgcc.a(_dvmd_tls.o)
 .ARM.attributes
                0x00000000000006e0       0x1e /home/sam/Programs/stm32/Ac6/plugins/fr.ac6.mcu.externaltools.arm-none.linux64_1.15.0.201708311556/tools/compiler/bin/../lib/gcc/arm-none-eabi/6.3.1/thumb/v6-m/libgcc.a(_arm_cmpdf2.o)
 .ARM.attributes
                0x00000000000006fe       0x1e /home/sam/Programs/stm32/Ac6/plugins/fr.ac6.mcu.externaltools.arm-none.linux64_1.15.0.201708311556/tools/compiler/bin/../lib/gcc/arm-none-eabi/6.3.1/thumb/v6-m/libgcc.a(_aeabi_uldivmod.o)
 .ARM.attributes
                0x000000000000071c       0x2c /home/sam/Programs/stm32/Ac6/plugins/fr.ac6.mcu.externaltools.arm-none.linux64_1.15.0.201708311556/tools/compiler/bin/../lib/gcc/arm-none-eabi/6.3.1/thumb/v6-m/libgcc.a(_muldi3.o)
 .ARM.attributes
                0x0000000000000748       0x2c /home/sam/Programs/stm32/Ac6/plugins/fr.ac6.mcu.externaltools.arm-none.linux64_1.15.0.201708311556/tools/compiler/bin/../lib/gcc/arm-none-eabi/6.3.1/thumb/v6-m/libgcc.a(_fixunsdfsi.o)
 .ARM.attributes
                0x0000000000000774       0x2c /home/sam/Programs/stm32/Ac6/plugins/fr.ac6.mcu.externaltools.arm-none.linux64_1.15.0.201708311556/tools/compiler/bin/../lib/gcc/arm-none-eabi/6.3.1/thumb/v6-m/libgcc.a(_udivmoddi4.o)
 .ARM.attributes
                0x00000000000007a0       0x2c /home/sam/Programs/stm32/Ac6/plugins/fr.ac6.mcu.externaltools.arm-none.linux64_1.15.0.201708311556/tools/compiler/bin/../lib/gcc/arm-none-eabi/6.3.1/thumb/v6-m/libgcc.a(adddf3.o)
 .ARM.attributes
                0x00000000000007cc       0x2c /home/sam/Programs/stm32/Ac6/plugins/fr.ac6.mcu.externaltools.arm-none.linux64_1.15.0.201708311556/tools/compiler/bin/../lib/gcc/arm-none-eabi/6.3.1/thumb/v6-m/libgcc.a(divdf3.o)
 .ARM.attributes
                0x00000000000007f8       0x2c /home/sam/Programs/stm32/Ac6/plugins/fr.ac6.mcu.externaltools.arm-none.linux64_1.15.0.201708311556/tools/compiler/bin/../lib/gcc/arm-none-eabi/6.3.1/thumb/v6-m/libgcc.a(eqdf2.o)
 .ARM.attributes
                0x0000000000000824       0x2c /home/sam/Programs/stm32/Ac6/plugins/fr.ac6.mcu.externaltools.arm-none.linux64_1.15.0.201708311556/tools/compiler/bin/../lib/gcc/arm-none-eabi/6.3.1/thumb/v6-m/libgcc.a(gedf2.o)
 .ARM.attributes
                0x0000000000000850       0x2c /home/sam/Programs/stm32/Ac6/plugins/fr.ac6.mcu.externaltools.arm-none.linux64_1.15.0.201708311556/tools/compiler/bin/../lib/gcc/arm-none-eabi/6.3.1/thumb/v6-m/libgcc.a(ledf2.o)
 .ARM.attributes
                0x000000000000087c       0x2c /home/sam/Programs/stm32/Ac6/plugins/fr.ac6.mcu.externaltools.arm-none.linux64_1.15.0.201708311556/tools/compiler/bin/../lib/gcc/arm-none-eabi/6.3.1/thumb/v6-m/libgcc.a(muldf3.o)
 .ARM.attributes
                0x00000000000008a8       0x2c /home/sam/Programs/stm32/Ac6/plugins/fr.ac6.mcu.externaltools.arm-none.linux64_1.15.0.201708311556/tools/compiler/bin/../lib/gcc/arm-none-eabi/6.3.1/thumb/v6-m/libgcc.a(subdf3.o)
 .ARM.attributes
                0x00000000000008d4       0x2c /home/sam/Programs/stm32/Ac6/plugins/fr.ac6.mcu.externaltools.arm-none.linux64_1.15.0.201708311556/tools/compiler/bin/../lib/gcc/arm-none-eabi/6.3.1/thumb/v6-m/libgcc.a(fixdfsi.o)
 .ARM.attributes
                0x0000000000000900       0x2c /home/sam/Programs/stm32/Ac6/plugins/fr.ac6.mcu.externaltools.arm-none.linux64_1.15.0.201708311556/tools/compiler/bin/../lib/gcc/arm-none-eabi/6.3.1/thumb/v6-m/libgcc.a(floatsidf.o)
 .ARM.attributes
                0x000000000000092c       0x2c /home/sam/Programs/stm32/Ac6/plugins/fr.ac6.mcu.externaltools.arm-none.linux64_1.15.0.201708311556/tools/compiler/bin/../lib/gcc/arm-none-eabi/6.3.1/thumb/v6-m/libgcc.a(floatunsidf.o)
 .ARM.attributes
                0x0000000000000958       0x1e /home/sam/Programs/stm32/Ac6/plugins/fr.ac6.mcu.externaltools.arm-none.linux64_1.15.0.201708311556/tools/compiler/bin/../lib/gcc/arm-none-eabi/6.3.1/thumb/v6-m/libgcc.a(_clzsi2.o)
 .ARM.attributes
                0x0000000000000976       0x1e /home/sam/Programs/stm32/Ac6/plugins/fr.ac6.mcu.externaltools.arm-none.linux64_1.15.0.201708311556/tools/compiler/bin/../lib/gcc/arm-none-eabi/6.3.1/thumb/v6-m/libgcc.a(_clzdi2.o)
 .ARM.attributes
                0x0000000000000994       0x2c /home/sam/Programs/stm32/Ac6/plugins/fr.ac6.mcu.externaltools.arm-none.linux64_1.15.0.201708311556/tools/compiler/bin/../lib/gcc/arm-none-eabi/6.3.1/../../../../arm-none-eabi/lib/thumb/v6-m/libc_nano.a(lib_a-impure.o)
 .ARM.attributes
                0x00000000000009c0       0x2c /home/sam/Programs/stm32/Ac6/plugins/fr.ac6.mcu.externaltools.arm-none.linux64_1.15.0.201708311556/tools/compiler/bin/../lib/gcc/arm-none-eabi/6.3.1/../../../../arm-none-eabi/lib/thumb/v6-m/libc_nano.a(lib_a-init.o)
 .ARM.attributes
                0x00000000000009ec       0x2c /home/sam/Programs/stm32/Ac6/plugins/fr.ac6.mcu.externaltools.arm-none.linux64_1.15.0.201708311556/tools/compiler/bin/../lib/gcc/arm-none-eabi/6.3.1/../../../../arm-none-eabi/lib/thumb/v6-m/libc_nano.a(lib_a-memcpy-stub.o)
 .ARM.attributes
                0x0000000000000a18       0x2c /home/sam/Programs/stm32/Ac6/plugins/fr.ac6.mcu.externaltools.arm-none.linux64_1.15.0.201708311556/tools/compiler/bin/../lib/gcc/arm-none-eabi/6.3.1/../../../../arm-none-eabi/lib/thumb/v6-m/libc_nano.a(lib_a-memset.o)
 .ARM.attributes
                0x0000000000000a44       0x2c /home/sam/Programs/stm32/Ac6/plugins/fr.ac6.mcu.externaltools.arm-none.linux64_1.15.0.201708311556/tools/compiler/bin/../lib/gcc/arm-none-eabi/6.3.1/../../../../arm-none-eabi/lib/thumb/v6-m/libc_nano.a(lib_a-vsprintf.o)
 .ARM.attributes
                0x0000000000000a70       0x2c /home/sam/Programs/stm32/Ac6/plugins/fr.ac6.mcu.externaltools.arm-none.linux64_1.15.0.201708311556/tools/compiler/bin/../lib/gcc/arm-none-eabi/6.3.1/../../../../arm-none-eabi/lib/thumb/v6-m/libc_nano.a(lib_a-nano-svfprintf.o)
 .ARM.attributes
                0x0000000000000a9c       0x2c /home/sam/Programs/stm32/Ac6/plugins/fr.ac6.mcu.externaltools.arm-none.linux64_1.15.0.201708311556/tools/compiler/bin/../lib/gcc/arm-none-eabi/6.3.1/../../../../arm-none-eabi/lib/thumb/v6-m/libc_nano.a(lib_a-nano-vfprintf_i.o)
 .ARM.attributes
                0x0000000000000ac8       0x2c /home/sam/Programs/stm32/Ac6/plugins/fr.ac6.mcu.externaltools.arm-none.linux64_1.15.0.201708311556/tools/compiler/bin/../lib/gcc/arm-none-eabi/6.3.1/../../../../arm-none-eabi/lib/thumb/v6-m/libc_nano.a(lib_a-memchr-stub.o)
 .ARM.attributes
                0x0000000000000af4       0x2c /home/sam/Programs/stm32/Ac6/plugins/fr.ac6.mcu.externaltools.arm-none.linux64_1.15.0.201708311556/tools/compiler/bin/../lib/gcc/arm-none-eabi/6.3.1/../../../../arm-none-eabi/lib/thumb/v6-m/libc_nano.a(lib_a-memmove.o)
 .ARM.attributes
                0x0000000000000b20       0x2c /home/sam/Programs/stm32/Ac6/plugins/fr.ac6.mcu.externaltools.arm-none.linux64_1.15.0.201708311556/tools/compiler/bin/../lib/gcc/arm-none-eabi/6.3.1/../../../../arm-none-eabi/lib/thumb/v6-m/libc_nano.a(lib_a-nano-freer.o)
 .ARM.attributes
                0x0000000000000b4c       0x2c /home/sam/Programs/stm32/Ac6/plugins/fr.ac6.mcu.externaltools.arm-none.linux64_1.15.0.201708311556/tools/compiler/bin/../lib/gcc/arm-none-eabi/6.3.1/../../../../arm-none-eabi/lib/thumb/v6-m/libc_nano.a(lib_a-nano-mallocr.o)
 .ARM.attributes
                0x0000000000000b78       0x2c /home/sam/Programs/stm32/Ac6/plugins/fr.ac6.mcu.externaltools.arm-none.linux64_1.15.0.201708311556/tools/compiler/bin/../lib/gcc/arm-none-eabi/6.3.1/../../../../arm-none-eabi/lib/thumb/v6-m/libc_nano.a(lib_a-nano-reallocr.o)
 .ARM.attributes
                0x0000000000000ba4       0x2c /home/sam/Programs/stm32/Ac6/plugins/fr.ac6.mcu.externaltools.arm-none.linux64_1.15.0.201708311556/tools/compiler/bin/../lib/gcc/arm-none-eabi/6.3.1/../../../../arm-none-eabi/lib/thumb/v6-m/libc_nano.a(lib_a-sbrkr.o)
 .ARM.attributes
                0x0000000000000bd0       0x2c /home/sam/Programs/stm32/Ac6/plugins/fr.ac6.mcu.externaltools.arm-none.linux64_1.15.0.201708311556/tools/compiler/bin/../lib/gcc/arm-none-eabi/6.3.1/../../../../arm-none-eabi/lib/thumb/v6-m/libc_nano.a(lib_a-mlock.o)
 .ARM.attributes
                0x0000000000000bfc       0x2c /home/sam/Programs/stm32/Ac6/plugins/fr.ac6.mcu.externaltools.arm-none.linux64_1.15.0.201708311556/tools/compiler/bin/../lib/gcc/arm-none-eabi/6.3.1/../../../../arm-none-eabi/lib/thumb/v6-m/libc_nano.a(lib_a-nano-msizer.o)
 .ARM.attributes
                0x0000000000000c28       0x2c /home/sam/Programs/stm32/Ac6/plugins/fr.ac6.mcu.externaltools.arm-none.linux64_1.15.0.201708311556/tools/compiler/bin/../lib/gcc/arm-none-eabi/6.3.1/../../../../arm-none-eabi/lib/thumb/v6-m/libc_nano.a(lib_a-reent.o)
 .ARM.attributes
                0x0000000000000c54       0x2c /home/sam/Programs/stm32/Ac6/plugins/fr.ac6.mcu.externaltools.arm-none.linux64_1.15.0.201708311556/tools/compiler/bin/../lib/gcc/arm-none-eabi/6.3.1/../../../../arm-none-eabi/lib/thumb/v6-m/libnosys.a(sbrk.o)
 .ARM.attributes
                0x0000000000000c80       0x1e /home/sam/Programs/stm32/Ac6/plugins/fr.ac6.mcu.externaltools.arm-none.linux64_1.15.0.201708311556/tools/compiler/bin/../lib/gcc/arm-none-eabi/6.3.1/thumb/v6-m/crtn.o
OUTPUT(sx1276mb1las.elf elf32-littlearm)

.debug_info     0x0000000000000000    0x2311c
 .debug_info    0x0000000000000000     0x3898 Drivers/BSP/Components/sx1276.o
 .debug_info    0x0000000000003898     0x17c1 Drivers/BSP/sx1276mb1las/sx1276mb1las.o
 .debug_info    0x0000000000005059      0xbb2 Drivers/CMSIS/system_stm32l0xx.o
 .debug_info    0x0000000000005c0b     0x1022 Drivers/STM32L0xx_HAL_Driver/stm32l0xx_hal.o
 .debug_info    0x0000000000006c2d     0x1707 Drivers/STM32L0xx_HAL_Driver/stm32l0xx_hal_adc.o
 .debug_info    0x0000000000008334     0x116b Drivers/STM32L0xx_HAL_Driver/stm32l0xx_hal_cortex.o
 .debug_info    0x000000000000949f      0xef2 Drivers/STM32L0xx_HAL_Driver/stm32l0xx_hal_gpio.o
 .debug_info    0x000000000000a391      0xe7d Drivers/STM32L0xx_HAL_Driver/stm32l0xx_hal_pwr.o
 .debug_info    0x000000000000b20e      0xa4c Drivers/STM32L0xx_HAL_Driver/stm32l0xx_hal_pwr_ex.o
 .debug_info    0x000000000000bc5a     0x13e2 Drivers/STM32L0xx_HAL_Driver/stm32l0xx_hal_rcc.o
 .debug_info    0x000000000000d03c     0x10f1 Drivers/STM32L0xx_HAL_Driver/stm32l0xx_hal_rcc_ex.o
 .debug_info    0x000000000000e12d     0x15cd Drivers/STM32L0xx_HAL_Driver/stm32l0xx_hal_rtc.o
 .debug_info    0x000000000000f6fa     0x1827 Drivers/STM32L0xx_HAL_Driver/stm32l0xx_hal_rtc_ex.o
 .debug_info    0x0000000000010f21     0x1d9e Drivers/STM32L0xx_HAL_Driver/stm32l0xx_hal_spi.o
 .debug_info    0x0000000000012cbf     0x223d Drivers/STM32L0xx_HAL_Driver/stm32l0xx_hal_uart.o
 .debug_info    0x0000000000014efc      0xa1c Middlewares/Lora/Utilities/delay.o
 .debug_info    0x0000000000015918      0xc7f Middlewares/Lora/Utilities/low_power_manager.o
 .debug_info    0x0000000000016597      0xff5 Middlewares/Lora/Utilities/timeServer.o
 .debug_info    0x000000000001758c      0xb0d Middlewares/Lora/Utilities/utilities.o
 .debug_info    0x0000000000018099      0xc59 Projects/PingPong/debug.o
 .debug_info    0x0000000000018cf2     0x1017 Projects/PingPong/hw_gpio.o
 .debug_info    0x0000000000019d09     0x170f Projects/PingPong/hw_rtc.o
 .debug_info    0x000000000001b418     0x13a7 Projects/PingPong/hw_spi.o
 .debug_info    0x000000000001c7bf     0x1497 Projects/PingPong/main.o
 .debug_info    0x000000000001dc56     0x12da Projects/PingPong/stm32l0xx_hal_msp.o
 .debug_info    0x000000000001ef30     0x1c2e Projects/PingPong/stm32l0xx_hw.o
 .debug_info    0x0000000000020b5e      0xc27 Projects/PingPong/stm32l0xx_it.o
 .debug_info    0x0000000000021785     0x184c Projects/PingPong/vcom.o
 .debug_info    0x0000000000022fd1      0x14b Projects/SW4STM32/startup_stm32l073xx.o

.debug_abbrev   0x0000000000000000     0x5795
 .debug_abbrev  0x0000000000000000      0x523 Drivers/BSP/Components/sx1276.o
 .debug_abbrev  0x0000000000000523      0x3ac Drivers/BSP/sx1276mb1las/sx1276mb1las.o
 .debug_abbrev  0x00000000000008cf      0x205 Drivers/CMSIS/system_stm32l0xx.o
 .debug_abbrev  0x0000000000000ad4      0x2fb Drivers/STM32L0xx_HAL_Driver/stm32l0xx_hal.o
 .debug_abbrev  0x0000000000000dcf      0x340 Drivers/STM32L0xx_HAL_Driver/stm32l0xx_hal_adc.o
 .debug_abbrev  0x000000000000110f      0x345 Drivers/STM32L0xx_HAL_Driver/stm32l0xx_hal_cortex.o
 .debug_abbrev  0x0000000000001454      0x28d Drivers/STM32L0xx_HAL_Driver/stm32l0xx_hal_gpio.o
 .debug_abbrev  0x00000000000016e1      0x269 Drivers/STM32L0xx_HAL_Driver/stm32l0xx_hal_pwr.o
 .debug_abbrev  0x000000000000194a      0x226 Drivers/STM32L0xx_HAL_Driver/stm32l0xx_hal_pwr_ex.o
 .debug_abbrev  0x0000000000001b70      0x365 Drivers/STM32L0xx_HAL_Driver/stm32l0xx_hal_rcc.o
 .debug_abbrev  0x0000000000001ed5      0x2ed Drivers/STM32L0xx_HAL_Driver/stm32l0xx_hal_rcc_ex.o
 .debug_abbrev  0x00000000000021c2      0x2e3 Drivers/STM32L0xx_HAL_Driver/stm32l0xx_hal_rtc.o
 .debug_abbrev  0x00000000000024a5      0x301 Drivers/STM32L0xx_HAL_Driver/stm32l0xx_hal_rtc_ex.o
 .debug_abbrev  0x00000000000027a6      0x392 Drivers/STM32L0xx_HAL_Driver/stm32l0xx_hal_spi.o
 .debug_abbrev  0x0000000000002b38      0x3e2 Drivers/STM32L0xx_HAL_Driver/stm32l0xx_hal_uart.o
 .debug_abbrev  0x0000000000002f1a      0x25b Middlewares/Lora/Utilities/delay.o
 .debug_abbrev  0x0000000000003175      0x2f9 Middlewares/Lora/Utilities/low_power_manager.o
 .debug_abbrev  0x000000000000346e      0x44b Middlewares/Lora/Utilities/timeServer.o
 .debug_abbrev  0x00000000000038b9      0x245 Middlewares/Lora/Utilities/utilities.o
 .debug_abbrev  0x0000000000003afe      0x241 Projects/PingPong/debug.o
 .debug_abbrev  0x0000000000003d3f      0x2cd Projects/PingPong/hw_gpio.o
 .debug_abbrev  0x000000000000400c      0x434 Projects/PingPong/hw_rtc.o
 .debug_abbrev  0x0000000000004440      0x2ea Projects/PingPong/hw_spi.o
 .debug_abbrev  0x000000000000472a      0x3b2 Projects/PingPong/main.o
 .debug_abbrev  0x0000000000004adc      0x28e Projects/PingPong/stm32l0xx_hal_msp.o
 .debug_abbrev  0x0000000000004d6a      0x40b Projects/PingPong/stm32l0xx_hw.o
 .debug_abbrev  0x0000000000005175      0x286 Projects/PingPong/stm32l0xx_it.o
 .debug_abbrev  0x00000000000053fb      0x388 Projects/PingPong/vcom.o
 .debug_abbrev  0x0000000000005783       0x12 Projects/SW4STM32/startup_stm32l073xx.o

.debug_loc      0x0000000000000000     0x8e26
 .debug_loc     0x0000000000000000     0x1429 Drivers/BSP/Components/sx1276.o
 .debug_loc     0x0000000000001429      0x208 Drivers/BSP/sx1276mb1las/sx1276mb1las.o
 .debug_loc     0x0000000000001631      0x17f Drivers/CMSIS/system_stm32l0xx.o
 .debug_loc     0x00000000000017b0       0xac Drivers/STM32L0xx_HAL_Driver/stm32l0xx_hal.o
 .debug_loc     0x000000000000185c      0xa74 Drivers/STM32L0xx_HAL_Driver/stm32l0xx_hal_adc.o
 .debug_loc     0x00000000000022d0      0x3cc Drivers/STM32L0xx_HAL_Driver/stm32l0xx_hal_cortex.o
 .debug_loc     0x000000000000269c      0x2f9 Drivers/STM32L0xx_HAL_Driver/stm32l0xx_hal_gpio.o
 .debug_loc     0x0000000000002995      0x12e Drivers/STM32L0xx_HAL_Driver/stm32l0xx_hal_pwr.o
 .debug_loc     0x0000000000002ac3       0x2a Drivers/STM32L0xx_HAL_Driver/stm32l0xx_hal_pwr_ex.o
 .debug_loc     0x0000000000002aed      0x5b7 Drivers/STM32L0xx_HAL_Driver/stm32l0xx_hal_rcc.o
 .debug_loc     0x00000000000030a4      0x73b Drivers/STM32L0xx_HAL_Driver/stm32l0xx_hal_rcc_ex.o
 .debug_loc     0x00000000000037df      0xc45 Drivers/STM32L0xx_HAL_Driver/stm32l0xx_hal_rtc.o
 .debug_loc     0x0000000000004424      0xf9d Drivers/STM32L0xx_HAL_Driver/stm32l0xx_hal_rtc_ex.o
 .debug_loc     0x00000000000053c1      0xfdf Drivers/STM32L0xx_HAL_Driver/stm32l0xx_hal_spi.o
 .debug_loc     0x00000000000063a0     0x151a Drivers/STM32L0xx_HAL_Driver/stm32l0xx_hal_uart.o
 .debug_loc     0x00000000000078ba       0x7e Middlewares/Lora/Utilities/delay.o
 .debug_loc     0x0000000000007938       0x91 Middlewares/Lora/Utilities/low_power_manager.o
 .debug_loc     0x00000000000079c9      0x461 Middlewares/Lora/Utilities/timeServer.o
 .debug_loc     0x0000000000007e2a      0x241 Middlewares/Lora/Utilities/utilities.o
 .debug_loc     0x000000000000806b      0x262 Projects/PingPong/hw_gpio.o
 .debug_loc     0x00000000000082cd      0x7b6 Projects/PingPong/hw_rtc.o
 .debug_loc     0x0000000000008a83       0x6b Projects/PingPong/hw_spi.o
 .debug_loc     0x0000000000008aee      0x100 Projects/PingPong/main.o
 .debug_loc     0x0000000000008bee       0xc4 Projects/PingPong/stm32l0xx_hal_msp.o
 .debug_loc     0x0000000000008cb2       0xba Projects/PingPong/stm32l0xx_hw.o
 .debug_loc     0x0000000000008d6c       0xba Projects/PingPong/vcom.o

.debug_aranges  0x0000000000000000      0xf38
 .debug_aranges
                0x0000000000000000      0x150 Drivers/BSP/Components/sx1276.o
 .debug_aranges
                0x0000000000000150       0x70 Drivers/BSP/sx1276mb1las/sx1276mb1las.o
 .debug_aranges
                0x00000000000001c0       0x28 Drivers/CMSIS/system_stm32l0xx.o
 .debug_aranges
                0x00000000000001e8       0xd8 Drivers/STM32L0xx_HAL_Driver/stm32l0xx_hal.o
 .debug_aranges
                0x00000000000002c0       0xd8 Drivers/STM32L0xx_HAL_Driver/stm32l0xx_hal_adc.o
 .debug_aranges
                0x0000000000000398       0x80 Drivers/STM32L0xx_HAL_Driver/stm32l0xx_hal_cortex.o
 .debug_aranges
                0x0000000000000418       0x58 Drivers/STM32L0xx_HAL_Driver/stm32l0xx_hal_gpio.o
 .debug_aranges
                0x0000000000000470       0xa0 Drivers/STM32L0xx_HAL_Driver/stm32l0xx_hal_pwr.o
 .debug_aranges
                0x0000000000000510       0x50 Drivers/STM32L0xx_HAL_Driver/stm32l0xx_hal_pwr_ex.o
 .debug_aranges
                0x0000000000000560       0x88 Drivers/STM32L0xx_HAL_Driver/stm32l0xx_hal_rcc.o
 .debug_aranges
                0x00000000000005e8       0x98 Drivers/STM32L0xx_HAL_Driver/stm32l0xx_hal_rcc_ex.o
 .debug_aranges
                0x0000000000000680       0xa8 Drivers/STM32L0xx_HAL_Driver/stm32l0xx_hal_rtc.o
 .debug_aranges
                0x0000000000000728      0x108 Drivers/STM32L0xx_HAL_Driver/stm32l0xx_hal_rtc_ex.o
 .debug_aranges
                0x0000000000000830      0x108 Drivers/STM32L0xx_HAL_Driver/stm32l0xx_hal_spi.o
 .debug_aranges
                0x0000000000000938      0x188 Drivers/STM32L0xx_HAL_Driver/stm32l0xx_hal_uart.o
 .debug_aranges
                0x0000000000000ac0       0x28 Middlewares/Lora/Utilities/delay.o
 .debug_aranges
                0x0000000000000ae8       0x40 Middlewares/Lora/Utilities/low_power_manager.o
 .debug_aranges
                0x0000000000000b28       0x68 Middlewares/Lora/Utilities/timeServer.o
 .debug_aranges
                0x0000000000000b90       0x50 Middlewares/Lora/Utilities/utilities.o
 .debug_aranges
                0x0000000000000be0       0x28 Projects/PingPong/debug.o
 .debug_aranges
                0x0000000000000c08       0x48 Projects/PingPong/hw_gpio.o
 .debug_aranges
                0x0000000000000c50       0x90 Projects/PingPong/hw_rtc.o
 .debug_aranges
                0x0000000000000ce0       0x30 Projects/PingPong/hw_spi.o
 .debug_aranges
                0x0000000000000d10       0x60 Projects/PingPong/main.o
 .debug_aranges
                0x0000000000000d70       0x58 Projects/PingPong/stm32l0xx_hal_msp.o
 .debug_aranges
                0x0000000000000dc8       0x78 Projects/PingPong/stm32l0xx_hw.o
 .debug_aranges
                0x0000000000000e40       0x70 Projects/PingPong/stm32l0xx_it.o
 .debug_aranges
                0x0000000000000eb0       0x60 Projects/PingPong/vcom.o
 .debug_aranges
                0x0000000000000f10       0x28 Projects/SW4STM32/startup_stm32l073xx.o

.debug_ranges   0x0000000000000000     0x10f0
 .debug_ranges  0x0000000000000000      0x208 Drivers/BSP/Components/sx1276.o
 .debug_ranges  0x0000000000000208       0x78 Drivers/BSP/sx1276mb1las/sx1276mb1las.o
 .debug_ranges  0x0000000000000280       0x18 Drivers/CMSIS/system_stm32l0xx.o
 .debug_ranges  0x0000000000000298       0xc8 Drivers/STM32L0xx_HAL_Driver/stm32l0xx_hal.o
 .debug_ranges  0x0000000000000360       0xc8 Drivers/STM32L0xx_HAL_Driver/stm32l0xx_hal_adc.o
 .debug_ranges  0x0000000000000428      0x128 Drivers/STM32L0xx_HAL_Driver/stm32l0xx_hal_cortex.o
 .debug_ranges  0x0000000000000550       0x48 Drivers/STM32L0xx_HAL_Driver/stm32l0xx_hal_gpio.o
 .debug_ranges  0x0000000000000598       0x90 Drivers/STM32L0xx_HAL_Driver/stm32l0xx_hal_pwr.o
 .debug_ranges  0x0000000000000628       0x40 Drivers/STM32L0xx_HAL_Driver/stm32l0xx_hal_pwr_ex.o
 .debug_ranges  0x0000000000000668       0xe0 Drivers/STM32L0xx_HAL_Driver/stm32l0xx_hal_rcc.o
 .debug_ranges  0x0000000000000748       0xa8 Drivers/STM32L0xx_HAL_Driver/stm32l0xx_hal_rcc_ex.o
 .debug_ranges  0x00000000000007f0       0x98 Drivers/STM32L0xx_HAL_Driver/stm32l0xx_hal_rtc.o
 .debug_ranges  0x0000000000000888       0xf8 Drivers/STM32L0xx_HAL_Driver/stm32l0xx_hal_rtc_ex.o
 .debug_ranges  0x0000000000000980      0x158 Drivers/STM32L0xx_HAL_Driver/stm32l0xx_hal_spi.o
 .debug_ranges  0x0000000000000ad8      0x178 Drivers/STM32L0xx_HAL_Driver/stm32l0xx_hal_uart.o
 .debug_ranges  0x0000000000000c50       0x18 Middlewares/Lora/Utilities/delay.o
 .debug_ranges  0x0000000000000c68       0x30 Middlewares/Lora/Utilities/low_power_manager.o
 .debug_ranges  0x0000000000000c98       0x70 Middlewares/Lora/Utilities/timeServer.o
 .debug_ranges  0x0000000000000d08       0x40 Middlewares/Lora/Utilities/utilities.o
 .debug_ranges  0x0000000000000d48       0x18 Projects/PingPong/debug.o
 .debug_ranges  0x0000000000000d60       0x38 Projects/PingPong/hw_gpio.o
 .debug_ranges  0x0000000000000d98       0x98 Projects/PingPong/hw_rtc.o
 .debug_ranges  0x0000000000000e30       0x38 Projects/PingPong/hw_spi.o
 .debug_ranges  0x0000000000000e68       0x68 Projects/PingPong/main.o
 .debug_ranges  0x0000000000000ed0       0x48 Projects/PingPong/stm32l0xx_hal_msp.o